Archive member included to satisfy reference by file (symbol)

/usr/lib/gcc/arm-none-eabi/12.2.1/thumb/v6-m/nofp/libgcc.a(_dvmd_tls.o)
                              CMakeFiles/tpm_sniffer.dir/home/pico/pico/pico-sdk/src/rp2_common/pico_divider/divider.S.obj (__aeabi_idiv0)
/usr/lib/gcc/arm-none-eabi/12.2.1/../../../arm-none-eabi/lib/thumb/v6-m/nofp/libc.a(lib_a-atexit.o)
                              /usr/lib/gcc/arm-none-eabi/12.2.1/../../../arm-none-eabi/lib/thumb/v6-m/nofp/crt0.o (atexit)
/usr/lib/gcc/arm-none-eabi/12.2.1/../../../arm-none-eabi/lib/thumb/v6-m/nofp/libc.a(lib_a-calloc.o)
                              CMakeFiles/tpm_sniffer.dir/home/pico/pico/pico-sdk/src/rp2_common/pico_malloc/pico_malloc.c.obj (calloc)
/usr/lib/gcc/arm-none-eabi/12.2.1/../../../arm-none-eabi/lib/thumb/v6-m/nofp/libc.a(lib_a-callocr.o)
                              /usr/lib/gcc/arm-none-eabi/12.2.1/../../../arm-none-eabi/lib/thumb/v6-m/nofp/libc.a(lib_a-calloc.o) (_calloc_r)
/usr/lib/gcc/arm-none-eabi/12.2.1/../../../arm-none-eabi/lib/thumb/v6-m/nofp/libc.a(lib_a-fini.o)
                              /usr/lib/gcc/arm-none-eabi/12.2.1/../../../arm-none-eabi/lib/thumb/v6-m/nofp/crt0.o (__libc_fini_array)
/usr/lib/gcc/arm-none-eabi/12.2.1/../../../arm-none-eabi/lib/thumb/v6-m/nofp/libc.a(lib_a-impure.o)
                              /usr/lib/gcc/arm-none-eabi/12.2.1/../../../arm-none-eabi/lib/thumb/v6-m/nofp/libc.a(lib_a-calloc.o) (_impure_ptr)
/usr/lib/gcc/arm-none-eabi/12.2.1/../../../arm-none-eabi/lib/thumb/v6-m/nofp/libc.a(lib_a-init.o)
                              /usr/lib/gcc/arm-none-eabi/12.2.1/../../../arm-none-eabi/lib/thumb/v6-m/nofp/crt0.o (__libc_init_array)
/usr/lib/gcc/arm-none-eabi/12.2.1/../../../arm-none-eabi/lib/thumb/v6-m/nofp/libc.a(lib_a-malloc.o)
                              CMakeFiles/tpm_sniffer.dir/home/pico/pico/pico-sdk/src/rp2_common/pico_malloc/pico_malloc.c.obj (malloc)
/usr/lib/gcc/arm-none-eabi/12.2.1/../../../arm-none-eabi/lib/thumb/v6-m/nofp/libc.a(lib_a-mallocr.o)
                              /usr/lib/gcc/arm-none-eabi/12.2.1/../../../arm-none-eabi/lib/thumb/v6-m/nofp/libc.a(lib_a-callocr.o) (_malloc_r)
/usr/lib/gcc/arm-none-eabi/12.2.1/../../../arm-none-eabi/lib/thumb/v6-m/nofp/libc.a(lib_a-memcmp.o)
                              CMakeFiles/tpm_sniffer.dir/main.c.obj (memcmp)
/usr/lib/gcc/arm-none-eabi/12.2.1/../../../arm-none-eabi/lib/thumb/v6-m/nofp/libc.a(lib_a-mlock.o)
                              /usr/lib/gcc/arm-none-eabi/12.2.1/../../../arm-none-eabi/lib/thumb/v6-m/nofp/libc.a(lib_a-mallocr.o) (__malloc_lock)
/usr/lib/gcc/arm-none-eabi/12.2.1/../../../arm-none-eabi/lib/thumb/v6-m/nofp/libc.a(lib_a-realloc.o)
                              CMakeFiles/tpm_sniffer.dir/home/pico/pico/pico-sdk/src/rp2_common/pico_malloc/pico_malloc.c.obj (realloc)
/usr/lib/gcc/arm-none-eabi/12.2.1/../../../arm-none-eabi/lib/thumb/v6-m/nofp/libc.a(lib_a-reallocr.o)
                              /usr/lib/gcc/arm-none-eabi/12.2.1/../../../arm-none-eabi/lib/thumb/v6-m/nofp/libc.a(lib_a-realloc.o) (_realloc_r)
/usr/lib/gcc/arm-none-eabi/12.2.1/../../../arm-none-eabi/lib/thumb/v6-m/nofp/libc.a(lib_a-sbrkr.o)
                              /usr/lib/gcc/arm-none-eabi/12.2.1/../../../arm-none-eabi/lib/thumb/v6-m/nofp/libc.a(lib_a-mallocr.o) (_sbrk_r)
/usr/lib/gcc/arm-none-eabi/12.2.1/../../../arm-none-eabi/lib/thumb/v6-m/nofp/libc.a(lib_a-strlen-stub.o)
                              CMakeFiles/tpm_sniffer.dir/home/pico/pico/pico-sdk/src/rp2_common/pico_stdio/stdio.c.obj (strlen)
/usr/lib/gcc/arm-none-eabi/12.2.1/../../../arm-none-eabi/lib/thumb/v6-m/nofp/libc.a(lib_a-__atexit.o)
                              /usr/lib/gcc/arm-none-eabi/12.2.1/../../../arm-none-eabi/lib/thumb/v6-m/nofp/libc.a(lib_a-atexit.o) (__register_exitproc)
/usr/lib/gcc/arm-none-eabi/12.2.1/../../../arm-none-eabi/lib/thumb/v6-m/nofp/libc.a(lib_a-freer.o)
                              /usr/lib/gcc/arm-none-eabi/12.2.1/../../../arm-none-eabi/lib/thumb/v6-m/nofp/libc.a(lib_a-malloc.o) (_free_r)
/usr/lib/gcc/arm-none-eabi/12.2.1/../../../arm-none-eabi/lib/thumb/v6-m/nofp/libc.a(lib_a-memmove.o)
                              /usr/lib/gcc/arm-none-eabi/12.2.1/../../../arm-none-eabi/lib/thumb/v6-m/nofp/libc.a(lib_a-reallocr.o) (memmove)
/usr/lib/gcc/arm-none-eabi/12.2.1/../../../arm-none-eabi/lib/thumb/v6-m/nofp/libc.a(lib_a-reent.o)
                              /usr/lib/gcc/arm-none-eabi/12.2.1/../../../arm-none-eabi/lib/thumb/v6-m/nofp/libc.a(lib_a-sbrkr.o) (errno)

Discarded input sections

 .text          0x00000000        0x0 /usr/lib/gcc/arm-none-eabi/12.2.1/thumb/v6-m/nofp/crti.o
 .data          0x00000000        0x0 /usr/lib/gcc/arm-none-eabi/12.2.1/thumb/v6-m/nofp/crti.o
 .bss           0x00000000        0x0 /usr/lib/gcc/arm-none-eabi/12.2.1/thumb/v6-m/nofp/crti.o
 .data          0x00000000        0x4 /usr/lib/gcc/arm-none-eabi/12.2.1/thumb/v6-m/nofp/crtbegin.o
[...]
Memory Configuration

Name             Origin             Length             Attributes
FLASH            0x10000000         0x00200000         xr
RAM              0x20000000         0x00040000         xrw
SCRATCH_X        0x20040000         0x00001000         xrw
SCRATCH_Y        0x20041000         0x00001000         xrw
*default*        0x00000000         0xffffffff

Linker script and memory map

LOAD /usr/lib/gcc/arm-none-eabi/12.2.1/thumb/v6-m/nofp/crti.o
LOAD /usr/lib/gcc/arm-none-eabi/12.2.1/thumb/v6-m/nofp/crtbegin.o
LOAD /usr/lib/gcc/arm-none-eabi/12.2.1/../../../arm-none-eabi/lib/thumb/v6-m/nofp/crt0.o

.flash_begin    0x10000000        0x0
                0x10000000                        __flash_binary_start = .

.boot2          0x10000000      0x100
                0x10000000                        __boot2_start__ = .
 *(.boot2)
 .boot2         0x10000000      0x100 /tmp/ccZUZGP7.o
                0x10000100                        __boot2_end__ = .
                0x00000001                        ASSERT (((__boot2_end__ - __boot2_start__) == 0x100), ERROR: Pico second stage bootloader must be 256 bytes in size)

.text           0x10000100     0x7c60
                0x10000100                        __logical_binary_start = .
 *(.vectors)
 .vectors       0x10000100       0xd4 CMakeFiles/tpm_sniffer.dir/home/pico/pico/pico-sdk/src/rp2_common/pico_standard_link/crt0.S.obj
                0x10000100                __vectors
                0x10000100                __VECTOR_TABLE
                0x100001c0                isr_invalid
                0x100001c0                __default_isrs_start
                0x100001c2                isr_nmi
                0x100001c4                isr_hardfault
                0x100001c6                isr_svcall
                0x100001c8                isr_pendsv
                0x100001ca                isr_systick
                0x100001cc                isr_irq30
                0x100001cc                __unhandled_user_irq
                0x100001cc                isr_irq13
                0x100001cc                isr_irq27
                0x100001cc                isr_irq31
                0x100001cc                isr_irq5
                0x100001cc                isr_irq11
                0x100001cc                isr_irq23
                0x100001cc                isr_irq18
                0x100001cc                isr_irq28
                0x100001cc                isr_irq19
                0x100001cc                isr_irq0
                0x100001cc                isr_irq6
                0x100001cc                isr_irq22
                0x100001cc                isr_irq17
                0x100001cc                isr_irq14
                0x100001cc                isr_irq2
                0x100001cc                isr_irq10
                0x100001cc                isr_irq8
                0x100001cc                isr_irq24
                0x100001cc                isr_irq1
                0x100001cc                isr_irq7
                0x100001cc                isr_irq21
                0x100001cc                isr_irq20
                0x100001cc                isr_irq15
                0x100001cc                isr_irq25
                0x100001cc                isr_irq4
                0x100001cc                isr_irq16
                0x100001cc                isr_irq29
                0x100001cc                isr_irq26
                0x100001cc                __default_isrs_end
                0x100001cc                isr_irq3
                0x100001cc                isr_irq12
                0x100001cc                isr_irq9
                0x100001d2                unhandled_user_irq_num_in_r0
 *(.binary_info_header)
 .binary_info_header
                0x100001d4       0x14 CMakeFiles/tpm_sniffer.dir/home/pico/pico/pico-sdk/src/rp2_common/pico_standard_link/crt0.S.obj
                0x100001e8                        __binary_info_header_end = .
 *(.reset)
 .reset         0x100001e8       0xa0 CMakeFiles/tpm_sniffer.dir/home/pico/pico/pico-sdk/src/rp2_common/pico_standard_link/crt0.S.obj
                0x100001e8                _entry_point
 .reset         0x10000288       0x30 CMakeFiles/tpm_sniffer.dir/home/pico/pico/pico-sdk/src/rp2_common/pico_standard_link/binary_info.c.obj
 *(.init)
 .init          0x100002b8        0x4 /usr/lib/gcc/arm-none-eabi/12.2.1/thumb/v6-m/nofp/crti.o
                0x100002b8                _init
 *(EXCLUDE_FILE(*libm.a: *libc.a:*lib_a-mem*.o *libgcc.a:) .text*)
 .text          0x100002bc       0x98 /usr/lib/gcc/arm-none-eabi/12.2.1/thumb/v6-m/nofp/crtbegin.o
 .text.spi_bios_sniffer_program_init.constprop.0
                0x10000354       0xc8 CMakeFiles/tpm_sniffer.dir/main.c.obj
 .text.fetch_spi.constprop.0
                0x1000041c      0x248 CMakeFiles/tpm_sniffer.dir/main.c.obj
 .text.core1_entry
                0x10000664      0x360 CMakeFiles/tpm_sniffer.dir/main.c.obj
                0x10000664                core1_entry
 .text.startup.main
                0x100009c4      0x190 CMakeFiles/tpm_sniffer.dir/main.c.obj
                0x100009c4                main
 .text.set_sys_clock_pll
                0x10000b54       0x78 CMakeFiles/tpm_sniffer.dir/home/pico/pico/pico-sdk/src/rp2_common/pico_stdlib/stdlib.c.obj
                0x10000b54                set_sys_clock_pll
 .text.check_sys_clock_khz
                0x10000bcc      0x210 CMakeFiles/tpm_sniffer.dir/home/pico/pico/pico-sdk/src/rp2_common/pico_stdlib/stdlib.c.obj
                0x10000bcc                check_sys_clock_khz
 .text.gpio_set_function
                0x10000ddc       0x30 CMakeFiles/tpm_sniffer.dir/home/pico/pico/pico-sdk/src/rp2_common/hardware_gpio/gpio.c.obj
                0x10000ddc                gpio_set_function
 .text.running_on_fpga
                0x10000e0c       0x10 CMakeFiles/tpm_sniffer.dir/home/pico/pico/pico-sdk/src/rp2_common/pico_platform/platform.c.obj
                0x10000e0c                running_on_fpga
 .text.hw_claim_lock
                0x10000e1c       0x18 CMakeFiles/tpm_sniffer.dir/home/pico/pico/pico-sdk/src/rp2_common/hardware_claim/claim.c.obj
                0x10000e1c                hw_claim_lock
 .text.hw_claim_unlock
                0x10000e34       0x14 CMakeFiles/tpm_sniffer.dir/home/pico/pico/pico-sdk/src/rp2_common/hardware_claim/claim.c.obj
                0x10000e34                hw_claim_unlock
 .text.hw_claim_or_assert
                0x10000e48       0x44 CMakeFiles/tpm_sniffer.dir/home/pico/pico/pico-sdk/src/rp2_common/hardware_claim/claim.c.obj
                0x10000e48                hw_claim_or_assert
 .text.hw_claim_unused_from_range
                0x10000e8c       0x9c CMakeFiles/tpm_sniffer.dir/home/pico/pico/pico-sdk/src/rp2_common/hardware_claim/claim.c.obj
                0x10000e8c                hw_claim_unused_from_range
 .text.spin_locks_reset
                0x10000f28       0x1c CMakeFiles/tpm_sniffer.dir/home/pico/pico/pico-sdk/src/rp2_common/hardware_sync/sync.c.obj
                0x10000f28                spin_locks_reset
 .text.next_striped_spin_lock_num
                0x10000f44       0x18 CMakeFiles/tpm_sniffer.dir/home/pico/pico/pico-sdk/src/rp2_common/hardware_sync/sync.c.obj
                0x10000f44                next_striped_spin_lock_num
 .text.spin_lock_claim_unused
                0x10000f5c       0x24 CMakeFiles/tpm_sniffer.dir/home/pico/pico/pico-sdk/src/rp2_common/hardware_sync/sync.c.obj
                0x10000f5c                spin_lock_claim_unused
 .text.irq_set_enabled
                0x10000f80       0x24 CMakeFiles/tpm_sniffer.dir/home/pico/pico/pico-sdk/src/rp2_common/hardware_irq/irq.c.obj
                0x10000f80                irq_set_enabled
 .text.irq_is_enabled
                0x10000fa4       0x18 CMakeFiles/tpm_sniffer.dir/home/pico/pico/pico-sdk/src/rp2_common/hardware_irq/irq.c.obj
                0x10000fa4                irq_is_enabled
 .text.irq_set_pending
                0x10000fbc       0x10 CMakeFiles/tpm_sniffer.dir/home/pico/pico/pico-sdk/src/rp2_common/hardware_irq/irq.c.obj
                0x10000fbc                irq_set_pending
 .text.irq_has_shared_handler
                0x10000fcc       0x2c CMakeFiles/tpm_sniffer.dir/home/pico/pico/pico-sdk/src/rp2_common/hardware_irq/irq.c.obj
                0x10000fcc                irq_has_shared_handler
 .text.irq_get_vtable_handler
                0x10000ff8       0x10 CMakeFiles/tpm_sniffer.dir/home/pico/pico/pico-sdk/src/rp2_common/hardware_irq/irq.c.obj
                0x10000ff8                irq_get_vtable_handler
 .text.irq_set_exclusive_handler
                0x10001008       0x54 CMakeFiles/tpm_sniffer.dir/home/pico/pico/pico-sdk/src/rp2_common/hardware_irq/irq.c.obj
                0x10001008                irq_set_exclusive_handler
 .text.irq_add_shared_handler
                0x1000105c      0x1f4 CMakeFiles/tpm_sniffer.dir/home/pico/pico/pico-sdk/src/rp2_common/hardware_irq/irq.c.obj
                0x1000105c                irq_add_shared_handler
 .text.irq_remove_handler
                0x10001250      0x1c4 CMakeFiles/tpm_sniffer.dir/home/pico/pico/pico-sdk/src/rp2_common/hardware_irq/irq.c.obj
                0x10001250                irq_remove_handler
 .text.irq_add_tail_to_free_list
                0x10001414       0xb4 CMakeFiles/tpm_sniffer.dir/home/pico/pico/pico-sdk/src/rp2_common/hardware_irq/irq.c.obj
                0x10001414                irq_add_tail_to_free_list
 .text.irq_init_priorities
                0x100014c8       0x24 CMakeFiles/tpm_sniffer.dir/home/pico/pico/pico-sdk/src/rp2_common/hardware_irq/irq.c.obj
                0x100014c8                irq_init_priorities
 .text.user_irq_claim_unused
                0x100014ec       0x2c CMakeFiles/tpm_sniffer.dir/home/pico/pico/pico-sdk/src/rp2_common/hardware_irq/irq.c.obj
                0x100014ec                user_irq_claim_unused
 .text.lock_init
                0x10001518       0x10 CMakeFiles/tpm_sniffer.dir/home/pico/pico/pico-sdk/src/common/pico_sync/lock_core.c.obj
                0x10001518                lock_init
 .text.mutex_init
                0x10001528       0x1c CMakeFiles/tpm_sniffer.dir/home/pico/pico/pico-sdk/src/common/pico_sync/mutex.c.obj
                0x10001528                mutex_init
 .text.recursive_mutex_init
                0x10001544       0x1c CMakeFiles/tpm_sniffer.dir/home/pico/pico/pico-sdk/src/common/pico_sync/mutex.c.obj
                0x10001544                recursive_mutex_init
 .text.critical_section_init
                0x10001560       0x1c CMakeFiles/tpm_sniffer.dir/home/pico/pico/pico-sdk/src/common/pico_sync/critical_section.c.obj
                0x10001560                critical_section_init
 .text.critical_section_init_with_lock_num
                0x1000157c       0x14 CMakeFiles/tpm_sniffer.dir/home/pico/pico/pico-sdk/src/common/pico_sync/critical_section.c.obj
                0x1000157c                critical_section_init_with_lock_num
 .text.timer_pool_entry_comparator
                0x10001590       0x34 CMakeFiles/tpm_sniffer.dir/home/pico/pico/pico-sdk/src/common/pico_time/time.c.obj
                0x10001590                timer_pool_entry_comparator
 .text.sleep_until_callback
                0x100015c4       0x30 CMakeFiles/tpm_sniffer.dir/home/pico/pico/pico-sdk/src/common/pico_time/time.c.obj
 .text.add_alarm_under_lock.isra.0
                0x100015f4      0x100 CMakeFiles/tpm_sniffer.dir/home/pico/pico/pico-sdk/src/common/pico_time/time.c.obj
 .text.alarm_pool_alarm_callback
                0x100016f4      0x1c0 CMakeFiles/tpm_sniffer.dir/home/pico/pico/pico-sdk/src/common/pico_time/time.c.obj
 .text.alarm_pool_init_default
                0x100018b4       0x6c CMakeFiles/tpm_sniffer.dir/home/pico/pico/pico-sdk/src/common/pico_time/time.c.obj
                0x100018b4                alarm_pool_init_default
 .text.alarm_pool_get_default
                0x10001920        0x8 CMakeFiles/tpm_sniffer.dir/home/pico/pico/pico-sdk/src/common/pico_time/time.c.obj
                0x10001920                alarm_pool_get_default
 .text.alarm_pool_add_alarm_at
                0x10001928      0x188 CMakeFiles/tpm_sniffer.dir/home/pico/pico/pico-sdk/src/common/pico_time/time.c.obj
                0x10001928                alarm_pool_add_alarm_at
 .text.alarm_pool_core_num
                0x10001ab0        0x4 CMakeFiles/tpm_sniffer.dir/home/pico/pico/pico-sdk/src/common/pico_time/time.c.obj
                0x10001ab0                alarm_pool_core_num
 .text.sleep_until
                0x10001ab4       0xc4 CMakeFiles/tpm_sniffer.dir/home/pico/pico/pico-sdk/src/common/pico_time/time.c.obj
                0x10001ab4                sleep_until
 .text.sleep_ms
                0x10001b78       0x38 CMakeFiles/tpm_sniffer.dir/home/pico/pico/pico-sdk/src/common/pico_time/time.c.obj
                0x10001b78                sleep_ms
 .text.best_effort_wfe_or_timeout
                0x10001bb0       0xec CMakeFiles/tpm_sniffer.dir/home/pico/pico/pico-sdk/src/common/pico_time/time.c.obj
                0x10001bb0                best_effort_wfe_or_timeout
 .text.hardware_alarm_irq_handler
                0x10001c9c       0xbc CMakeFiles/tpm_sniffer.dir/home/pico/pico/pico-sdk/src/rp2_common/hardware_timer/timer.c.obj
 .text.hardware_alarm_claim
                0x10001d58       0x18 CMakeFiles/tpm_sniffer.dir/home/pico/pico/pico-sdk/src/rp2_common/hardware_timer/timer.c.obj
                0x10001d58                hardware_alarm_claim
 .text.time_us_64
                0x10001d70       0x14 CMakeFiles/tpm_sniffer.dir/home/pico/pico/pico-sdk/src/rp2_common/hardware_timer/timer.c.obj
                0x10001d70                time_us_64
 .text.busy_wait_us
                0x10001d84       0x68 CMakeFiles/tpm_sniffer.dir/home/pico/pico/pico-sdk/src/rp2_common/hardware_timer/timer.c.obj
                0x10001d84                busy_wait_us
 .text.busy_wait_until
                0x10001dec       0x20 CMakeFiles/tpm_sniffer.dir/home/pico/pico/pico-sdk/src/rp2_common/hardware_timer/timer.c.obj
                0x10001dec                busy_wait_until
 .text.hardware_alarm_set_callback
                0x10001e0c       0x8c CMakeFiles/tpm_sniffer.dir/home/pico/pico/pico-sdk/src/rp2_common/hardware_timer/timer.c.obj
                0x10001e0c                hardware_alarm_set_callback
 .text.hardware_alarm_set_target
                0x10001e98       0xd0 CMakeFiles/tpm_sniffer.dir/home/pico/pico/pico-sdk/src/rp2_common/hardware_timer/timer.c.obj
                0x10001e98                hardware_alarm_set_target
 .text.hardware_alarm_cancel
                0x10001f68       0x3c CMakeFiles/tpm_sniffer.dir/home/pico/pico/pico-sdk/src/rp2_common/hardware_timer/timer.c.obj
                0x10001f68                hardware_alarm_cancel
 .text.ph_merge_nodes
                0x10001fa4       0x64 CMakeFiles/tpm_sniffer.dir/home/pico/pico/pico-sdk/src/common/pico_util/pheap.c.obj
 .text.ph_post_alloc_init
                0x10002008       0x3c CMakeFiles/tpm_sniffer.dir/home/pico/pico/pico-sdk/src/common/pico_util/pheap.c.obj
                0x10002008                ph_post_alloc_init
 .text.ph_merge_two_pass
                0x10002044       0x98 CMakeFiles/tpm_sniffer.dir/home/pico/pico/pico-sdk/src/common/pico_util/pheap.c.obj
                0x10002044                ph_merge_two_pass
 .text.ph_remove_any_head
                0x100020dc      0x100 CMakeFiles/tpm_sniffer.dir/home/pico/pico/pico-sdk/src/common/pico_util/pheap.c.obj
 .text.ph_remove_head
                0x100021dc      0x104 CMakeFiles/tpm_sniffer.dir/home/pico/pico/pico-sdk/src/common/pico_util/pheap.c.obj
                0x100021dc                ph_remove_head
 .text.ph_remove_and_free_node
                0x100022e0       0x78 CMakeFiles/tpm_sniffer.dir/home/pico/pico/pico-sdk/src/common/pico_util/pheap.c.obj
                0x100022e0                ph_remove_and_free_node
 .text.uart_init
                0x10002358      0x188 CMakeFiles/tpm_sniffer.dir/home/pico/pico/pico-sdk/src/rp2_common/hardware_uart/uart.c.obj
                0x10002358                uart_init
 .text.clock_configure
                0x100024e0      0x114 CMakeFiles/tpm_sniffer.dir/home/pico/pico/pico-sdk/src/rp2_common/hardware_clocks/clocks.c.obj
                0x100024e0                clock_configure
 .text.clocks_init
                0x100025f4      0x2c8 CMakeFiles/tpm_sniffer.dir/home/pico/pico/pico-sdk/src/rp2_common/hardware_clocks/clocks.c.obj
                0x100025f4                clocks_init
 .text.clock_get_hz
                0x100028bc        0xc CMakeFiles/tpm_sniffer.dir/home/pico/pico/pico-sdk/src/rp2_common/hardware_clocks/clocks.c.obj
                0x100028bc                clock_get_hz
 .text.pll_init
                0x100028c8       0xa0 CMakeFiles/tpm_sniffer.dir/home/pico/pico/pico-sdk/src/rp2_common/hardware_pll/pll.c.obj
                0x100028c8                pll_init
 .text.watchdog_start_tick
                0x10002968       0x10 CMakeFiles/tpm_sniffer.dir/home/pico/pico/pico-sdk/src/rp2_common/hardware_watchdog/watchdog.c.obj
                0x10002968                watchdog_start_tick
 .text.watchdog_reboot
                0x10002978       0x9c CMakeFiles/tpm_sniffer.dir/home/pico/pico/pico-sdk/src/rp2_common/hardware_watchdog/watchdog.c.obj
                0x10002978                watchdog_reboot
 .text.xosc_init
                0x10002a14       0x28 CMakeFiles/tpm_sniffer.dir/home/pico/pico/pico-sdk/src/rp2_common/hardware_xosc/xosc.c.obj
                0x10002a14                xosc_init
 .text.runtime_init
                0x10002a3c       0xf0 CMakeFiles/tpm_sniffer.dir/home/pico/pico/pico-sdk/src/rp2_common/pico_runtime/runtime.c.obj
                0x10002a3c                runtime_init
 .text._exit    0x10002b2c        0x4 CMakeFiles/tpm_sniffer.dir/home/pico/pico/pico-sdk/src/rp2_common/pico_runtime/runtime.c.obj
                0x10002b2c                _exit
 .text.exit     0x10002b30        0x8 CMakeFiles/tpm_sniffer.dir/home/pico/pico/pico-sdk/src/rp2_common/pico_runtime/runtime.c.obj
                0x10002b30                exit
 .text.panic    0x10002b38       0x30 CMakeFiles/tpm_sniffer.dir/home/pico/pico/pico-sdk/src/rp2_common/pico_runtime/runtime.c.obj
                0x10002b38                panic
 .text.hard_assertion_failure
                0x10002b68        0xc CMakeFiles/tpm_sniffer.dir/home/pico/pico/pico-sdk/src/rp2_common/pico_runtime/runtime.c.obj
                0x10002b68                hard_assertion_failure
 .text._out_null
                0x10002b74        0x4 CMakeFiles/tpm_sniffer.dir/home/pico/pico/pico-sdk/src/rp2_common/pico_printf/printf.c.obj
 .text._out_rev
                0x10002b78       0x90 CMakeFiles/tpm_sniffer.dir/home/pico/pico/pico-sdk/src/rp2_common/pico_printf/printf.c.obj
 .text._ntoa_format
                0x10002c08      0x1f4 CMakeFiles/tpm_sniffer.dir/home/pico/pico/pico-sdk/src/rp2_common/pico_printf/printf.c.obj
 .text._out_char
                0x10002dfc       0x10 CMakeFiles/tpm_sniffer.dir/home/pico/pico/pico-sdk/src/rp2_common/pico_printf/printf.c.obj
 .text._out_fct
                0x10002e0c       0x10 CMakeFiles/tpm_sniffer.dir/home/pico/pico/pico-sdk/src/rp2_common/pico_printf/printf.c.obj
 .text._etoa    0x10002e1c      0x454 CMakeFiles/tpm_sniffer.dir/home/pico/pico/pico-sdk/src/rp2_common/pico_printf/printf.c.obj
 .text._ftoa    0x10003270      0x3c4 CMakeFiles/tpm_sniffer.dir/home/pico/pico/pico-sdk/src/rp2_common/pico_printf/printf.c.obj
 .text._vsnprintf
                0x10003634      0xb24 CMakeFiles/tpm_sniffer.dir/home/pico/pico/pico-sdk/src/rp2_common/pico_printf/printf.c.obj
 .text.vfctprintf
                0x10004158       0x20 CMakeFiles/tpm_sniffer.dir/home/pico/pico/pico-sdk/src/rp2_common/pico_printf/printf.c.obj
                0x10004158                vfctprintf
 .text.weak_raw_vprintf
                0x10004178       0x30 CMakeFiles/tpm_sniffer.dir/home/pico/pico/pico-sdk/src/rp2_common/pico_printf/printf.c.obj
                0x10004178                weak_raw_vprintf
 .text          0x100041a8       0x10 CMakeFiles/tpm_sniffer.dir/home/pico/pico/pico-sdk/src/rp2_common/pico_bit_ops/bit_ops_aeabi.S.obj
 .text.rom_func_lookup
                0x100041b8       0x10 CMakeFiles/tpm_sniffer.dir/home/pico/pico/pico-sdk/src/rp2_common/pico_bootrom/bootrom.c.obj
                0x100041b8                rom_func_lookup
 .text.rom_data_lookup
                0x100041c8       0x10 CMakeFiles/tpm_sniffer.dir/home/pico/pico/pico-sdk/src/rp2_common/pico_bootrom/bootrom.c.obj
                0x100041c8                rom_data_lookup
 .text.rom_funcs_lookup
                0x100041d8       0x44 CMakeFiles/tpm_sniffer.dir/home/pico/pico/pico-sdk/src/rp2_common/pico_bootrom/bootrom.c.obj
                0x100041d8                rom_funcs_lookup
 .text.__wrap___aeabi_idiv
                0x1000421c       0x50 CMakeFiles/tpm_sniffer.dir/home/pico/pico/pico-sdk/src/rp2_common/pico_divider/divider.S.obj
                0x1000421c                __wrap___aeabi_idivmod
                0x1000421c                divmod_s32s32
                0x1000421c                div_s32s32
                0x1000421c                __wrap___aeabi_idiv
                0x10004224                divmod_s32s32_unsafe
                0x10004250                divmod_s32s32_savestate
 .text.__wrap___aeabi_uidiv
                0x1000426c       0x4c CMakeFiles/tpm_sniffer.dir/home/pico/pico/pico-sdk/src/rp2_common/pico_divider/divider.S.obj
                0x1000426c                __wrap___aeabi_uidiv
                0x1000426c                __wrap___aeabi_uidivmod
                0x1000426c                div_u32u32
                0x1000426c                divmod_u32u32
                0x10004274                divmod_u32u32_unsafe
                0x1000429c                divmod_u32u32_savestate
 .text.__wrap___aeabi_ldiv
                0x100042b8      0x424 CMakeFiles/tpm_sniffer.dir/home/pico/pico/pico-sdk/src/rp2_common/pico_divider/divider.S.obj
                0x100042b8                div_s64s64
                0x100042b8                divmod_s64s64
                0x100042b8                __wrap___aeabi_ldivmod
                0x100042e8                div_u64u64
                0x100042e8                divmod_u64u64
                0x100042e8                __wrap___aeabi_uldivmod
                0x100042f8                divmod_u64u64_savestate
                0x10004318                divmod_s64s64_unsafe
                0x100043a0                divmod_u64u64_unsafe
 .text.__wrap___aeabi_darithmetic
                0x100046dc       0x80 CMakeFiles/tpm_sniffer.dir/home/pico/pico/pico-sdk/src/rp2_common/pico_double/double_aeabi.S.obj
                0x100046dc                __wrap___aeabi_drsub
                0x100046e2                __wrap___aeabi_dsub
                0x100046f4                __wrap___aeabi_dadd
                0x10004706                __wrap___aeabi_ddiv
                0x10004742                __wrap___aeabi_dmul
 .text.__wrap___aeabi_cdcmple
                0x1000475c       0x6c CMakeFiles/tpm_sniffer.dir/home/pico/pico/pico-sdk/src/rp2_common/pico_double/double_aeabi.S.obj
                0x1000475c                __wrap___aeabi_cdrcmple
                0x1000476c                __wrap___aeabi_cdcmple
                0x1000476c                __wrap___aeabi_cdcmpeq
 .text.__wrap___aeabi_dcmplt
                0x100047c8        0xc CMakeFiles/tpm_sniffer.dir/home/pico/pico/pico-sdk/src/rp2_common/pico_double/double_aeabi.S.obj
                0x100047c8                __wrap___aeabi_dcmplt
 .text.__wrap___aeabi_dcmpge
                0x100047d4       0x10 CMakeFiles/tpm_sniffer.dir/home/pico/pico/pico-sdk/src/rp2_common/pico_double/double_aeabi.S.obj
                0x100047d4                __wrap___aeabi_dcmpge
 .text.__wrap___aeabi_dcmpgt
                0x100047e4        0xa CMakeFiles/tpm_sniffer.dir/home/pico/pico/pico-sdk/src/rp2_common/pico_double/double_aeabi.S.obj
                0x100047e4                __wrap___aeabi_dcmpgt
 .text.__wrap___aeabi_dcmpun
                0x100047ee       0x1c CMakeFiles/tpm_sniffer.dir/home/pico/pico/pico-sdk/src/rp2_common/pico_double/double_aeabi.S.obj
                0x100047ee                __wrap___aeabi_dcmpun
 *fill*         0x1000480a        0x2 
 .text.__wrap___aeabi_i2d
                0x1000480c       0x38 CMakeFiles/tpm_sniffer.dir/home/pico/pico/pico-sdk/src/rp2_common/pico_double/double_aeabi.S.obj
                0x1000480c                __wrap___aeabi_ui2d
                0x10004814                __wrap___aeabi_i2d
 .text.__wrap___aeabi_d2iz
                0x10004844       0x48 CMakeFiles/tpm_sniffer.dir/home/pico/pico/pico-sdk/src/rp2_common/pico_double/double_aeabi.S.obj
                0x10004844                __wrap___aeabi_d2iz
                0x10004844                double2int_z
 .text.__wrap___aeabi_d2uiz
                0x1000488c       0x18 CMakeFiles/tpm_sniffer.dir/home/pico/pico/pico-sdk/src/rp2_common/pico_double/double_aeabi.S.obj
                0x1000488c                double2uint
                0x1000488c                __wrap___aeabi_d2uiz
 .text.__aeabi_double_init
                0x100048a4       0x98 CMakeFiles/tpm_sniffer.dir/home/pico/pico/pico-sdk/src/rp2_common/pico_double/double_init_rom.c.obj
                0x100048a4                __aeabi_double_init
 .text.double_table_shim_on_use_helper
                0x1000493c       0x2c CMakeFiles/tpm_sniffer.dir/home/pico/pico/pico-sdk/src/rp2_common/pico_double/double_v1_rom_shim.S.obj
                0x1000493c                double_table_shim_on_use_helper
 .text.__wrap___aeabi_dsub
                0x10004968       0x10 CMakeFiles/tpm_sniffer.dir/home/pico/pico/pico-sdk/src/rp2_common/pico_double/double_v1_rom_shim.S.obj
                0x10004968                drsub_shim
                0x1000496e                dsub_shim
 .text.dadd_shim
                0x10004978      0x15c CMakeFiles/tpm_sniffer.dir/home/pico/pico/pico-sdk/src/rp2_common/pico_double/double_v1_rom_shim.S.obj
                0x10004978                dadd_shim
 .text.dmul_shim
                0x10004ad4      0x15c CMakeFiles/tpm_sniffer.dir/home/pico/pico/pico-sdk/src/rp2_common/pico_double/double_v1_rom_shim.S.obj
                0x10004ad4                dmul_shim
 .text.ddiv_shim
                0x10004c30      0x1b0 CMakeFiles/tpm_sniffer.dir/home/pico/pico/pico-sdk/src/rp2_common/pico_double/double_v1_rom_shim.S.obj
                0x10004c30                ddiv_shim
 .text.double2uint_shim
                0x10004de0        0xe CMakeFiles/tpm_sniffer.dir/home/pico/pico/pico-sdk/src/rp2_common/pico_double/double_v1_rom_shim.S.obj
                0x10004de0                double2uint_shim
                0x10004de2                double2ufix_shim
 *fill*         0x10004dee        0x2 
 .text.double2uint64_shim
                0x10004df0       0x70 CMakeFiles/tpm_sniffer.dir/home/pico/pico/pico-sdk/src/rp2_common/pico_double/double_v1_rom_shim.S.obj
                0x10004df0                double2uint64_shim
                0x10004df2                double2ufix64_shim
                0x10004e12                d2fix_a
 .text.dunpacks
                0x10004e60       0x3c CMakeFiles/tpm_sniffer.dir/home/pico/pico/pico-sdk/src/rp2_common/pico_double/double_v1_rom_shim.S.obj
                0x10004e60                dunpacks
 .text.__aeabi_lmul
                0x10004e9c       0x32 CMakeFiles/tpm_sniffer.dir/home/pico/pico/pico-sdk/src/rp2_common/pico_int64_ops/pico_int64_ops_aeabi.S.obj
                0x10004e9c                __wrap___aeabi_lmul
 *fill*         0x10004ece        0x2 
 .text.__wrap___aeabi_farithmetic
                0x10004ed0       0x48 CMakeFiles/tpm_sniffer.dir/home/pico/pico/pico-sdk/src/rp2_common/pico_float/float_aeabi.S.obj
                0x10004ed0                __wrap___aeabi_frsub
                0x10004ed6                __wrap___aeabi_fsub
                0x10004edc                __wrap___aeabi_fadd
                0x10004ee2                __wrap___aeabi_fdiv
                0x10004f0a                __wrap___aeabi_fmul
 .text.__wrap___aeabi_ui2f
                0x10004f18        0xa CMakeFiles/tpm_sniffer.dir/home/pico/pico/pico-sdk/src/rp2_common/pico_float/float_aeabi.S.obj
                0x10004f18                __wrap___aeabi_ui2f
 *fill*         0x10004f22        0x2 
 .text.__wrap___aeabi_i2f
                0x10004f24       0x44 CMakeFiles/tpm_sniffer.dir/home/pico/pico/pico-sdk/src/rp2_common/pico_float/float_aeabi.S.obj
                0x10004f24                __wrap___aeabi_i2f
 .text.__wrap___aeabi_f2uiz
                0x10004f68        0xc CMakeFiles/tpm_sniffer.dir/home/pico/pico/pico-sdk/src/rp2_common/pico_float/float_aeabi.S.obj
                0x10004f68                __wrap___aeabi_f2uiz
 .text.__aeabi_float_init
                0x10004f74       0x64 CMakeFiles/tpm_sniffer.dir/home/pico/pico/pico-sdk/src/rp2_common/pico_float/float_init_rom.c.obj
                0x10004f74                __aeabi_float_init
 .text.float_table_shim_on_use_helper
                0x10004fd8       0x2c CMakeFiles/tpm_sniffer.dir/home/pico/pico/pico-sdk/src/rp2_common/pico_float/float_v1_rom_shim.S.obj
                0x10004fd8                float_table_shim_on_use_helper
 .text          0x10005004       0x10 CMakeFiles/tpm_sniffer.dir/home/pico/pico/pico-sdk/src/rp2_common/pico_mem_ops/mem_ops_aeabi.S.obj
                0x10005004                __aeabi_mem_init
 .text.memset   0x10005014        0xc CMakeFiles/tpm_sniffer.dir/home/pico/pico/pico-sdk/src/rp2_common/pico_mem_ops/mem_ops_aeabi.S.obj
                0x10005014                __wrap_memset
 .text.memcpy   0x10005020        0xc CMakeFiles/tpm_sniffer.dir/home/pico/pico/pico-sdk/src/rp2_common/pico_mem_ops/mem_ops_aeabi.S.obj
                0x10005020                __wrap___aeabi_memcpy
                0x10005020                __wrap_memcpy
 .text.stdio_out_chars_crlf
                0x1000502c       0xbc CMakeFiles/tpm_sniffer.dir/home/pico/pico/pico-sdk/src/rp2_common/pico_stdio/stdio.c.obj
 .text.stdio_buffered_printer
                0x100050e8       0x64 CMakeFiles/tpm_sniffer.dir/home/pico/pico/pico-sdk/src/rp2_common/pico_stdio/stdio.c.obj
 .text.__wrap_putchar
                0x1000514c       0x98 CMakeFiles/tpm_sniffer.dir/home/pico/pico/pico-sdk/src/rp2_common/pico_stdio/stdio.c.obj
                0x1000514c                __wrap_putchar
 .text.__wrap_puts
                0x100051e4       0xe0 CMakeFiles/tpm_sniffer.dir/home/pico/pico/pico-sdk/src/rp2_common/pico_stdio/stdio.c.obj
                0x100051e4                __wrap_puts
 .text.stdio_set_driver_enabled
                0x100052c4       0x30 CMakeFiles/tpm_sniffer.dir/home/pico/pico/pico-sdk/src/rp2_common/pico_stdio/stdio.c.obj
                0x100052c4                stdio_set_driver_enabled
 .text.__wrap_vprintf
                0x100052f4       0xd4 CMakeFiles/tpm_sniffer.dir/home/pico/pico/pico-sdk/src/rp2_common/pico_stdio/stdio.c.obj
                0x100052f4                __wrap_vprintf
 .text.__wrap_printf
                0x100053c8       0x18 CMakeFiles/tpm_sniffer.dir/home/pico/pico/pico-sdk/src/rp2_common/pico_stdio/stdio.c.obj
                0x100053c8                __wrap_printf
 .text.stdio_init_all
                0x100053e0       0x10 CMakeFiles/tpm_sniffer.dir/home/pico/pico/pico-sdk/src/rp2_common/pico_stdio/stdio.c.obj
                0x100053e0                stdio_init_all
 .text.stdio_uart_out_chars
                0x100053f0       0x4c CMakeFiles/tpm_sniffer.dir/home/pico/pico/pico-sdk/src/rp2_common/pico_stdio_uart/stdio_uart.c.obj
 .text.stdio_uart_in_chars
                0x1000543c       0x98 CMakeFiles/tpm_sniffer.dir/home/pico/pico/pico-sdk/src/rp2_common/pico_stdio_uart/stdio_uart.c.obj
                0x1000543c                stdio_uart_in_chars
 .text.on_uart_rx
                0x100054d4       0x28 CMakeFiles/tpm_sniffer.dir/home/pico/pico/pico-sdk/src/rp2_common/pico_stdio_uart/stdio_uart.c.obj
 .text.stdio_uart_set_chars_available_callback
                0x100054fc       0x8c CMakeFiles/tpm_sniffer.dir/home/pico/pico/pico-sdk/src/rp2_common/pico_stdio_uart/stdio_uart.c.obj
 .text.stdio_uart_init
                0x10005588       0x48 CMakeFiles/tpm_sniffer.dir/home/pico/pico/pico-sdk/src/rp2_common/pico_stdio_uart/stdio_uart.c.obj
                0x10005588                stdio_uart_init
 .text.resetd_init
                0x100055d0        0x4 CMakeFiles/tpm_sniffer.dir/home/pico/pico/pico-sdk/src/rp2_common/pico_stdio_usb/reset_interface.c.obj
 .text.resetd_reset
                0x100055d4        0xc CMakeFiles/tpm_sniffer.dir/home/pico/pico/pico-sdk/src/rp2_common/pico_stdio_usb/reset_interface.c.obj
 .text.resetd_open
                0x100055e0       0x28 CMakeFiles/tpm_sniffer.dir/home/pico/pico/pico-sdk/src/rp2_common/pico_stdio_usb/reset_interface.c.obj
 .text.resetd_xfer_cb
                0x10005608        0x4 CMakeFiles/tpm_sniffer.dir/home/pico/pico/pico-sdk/src/rp2_common/pico_stdio_usb/reset_interface.c.obj
 .text.resetd_control_xfer_cb
                0x1000560c       0x60 CMakeFiles/tpm_sniffer.dir/home/pico/pico/pico-sdk/src/rp2_common/pico_stdio_usb/reset_interface.c.obj
 .text.usbd_app_driver_get_cb
                0x1000566c        0xc CMakeFiles/tpm_sniffer.dir/home/pico/pico/pico-sdk/src/rp2_common/pico_stdio_usb/reset_interface.c.obj
                0x1000566c                usbd_app_driver_get_cb
 .text.tud_cdc_line_coding_cb
                0x10005678       0x34 CMakeFiles/tpm_sniffer.dir/home/pico/pico/pico-sdk/src/rp2_common/pico_stdio_usb/reset_interface.c.obj
                0x10005678                tud_cdc_line_coding_cb
 .text.stdio_usb_set_chars_available_callback
                0x100056ac       0x14 CMakeFiles/tpm_sniffer.dir/home/pico/pico/pico-sdk/src/rp2_common/pico_stdio_usb/stdio_usb.c.obj
                0x100056ac                stdio_usb_set_chars_available_callback
 .text.usb_irq  0x100056c0       0x10 CMakeFiles/tpm_sniffer.dir/home/pico/pico/pico-sdk/src/rp2_common/pico_stdio_usb/stdio_usb.c.obj
 .text.timer_task
                0x100056d0       0x54 CMakeFiles/tpm_sniffer.dir/home/pico/pico/pico-sdk/src/rp2_common/pico_stdio_usb/stdio_usb.c.obj
 .text.stdio_usb_in_chars
                0x10005724       0x90 CMakeFiles/tpm_sniffer.dir/home/pico/pico/pico-sdk/src/rp2_common/pico_stdio_usb/stdio_usb.c.obj
                0x10005724                stdio_usb_in_chars
 .text.stdio_usb_out_chars
                0x100057b4      0x104 CMakeFiles/tpm_sniffer.dir/home/pico/pico/pico-sdk/src/rp2_common/pico_stdio_usb/stdio_usb.c.obj
 .text.low_priority_worker_irq
                0x100058b8       0xa8 CMakeFiles/tpm_sniffer.dir/home/pico/pico/pico-sdk/src/rp2_common/pico_stdio_usb/stdio_usb.c.obj
 .text.tud_cdc_rx_cb
                0x10005960       0x20 CMakeFiles/tpm_sniffer.dir/home/pico/pico/pico-sdk/src/rp2_common/pico_stdio_usb/stdio_usb.c.obj
                0x10005960                tud_cdc_rx_cb
 .text.stdio_usb_init
                0x10005980       0xe0 CMakeFiles/tpm_sniffer.dir/home/pico/pico/pico-sdk/src/rp2_common/pico_stdio_usb/stdio_usb.c.obj
                0x10005980                stdio_usb_init
 .text.tud_descriptor_device_cb
                0x10005a60        0x8 CMakeFiles/tpm_sniffer.dir/home/pico/pico/pico-sdk/src/rp2_common/pico_stdio_usb/stdio_usb_descriptors.c.obj
                0x10005a60                tud_descriptor_device_cb
 .text.tud_descriptor_configuration_cb
                0x10005a68        0x8 CMakeFiles/tpm_sniffer.dir/home/pico/pico/pico-sdk/src/rp2_common/pico_stdio_usb/stdio_usb_descriptors.c.obj
                0x10005a68                tud_descriptor_configuration_cb
 .text.tud_descriptor_string_cb
                0x10005a70       0x78 CMakeFiles/tpm_sniffer.dir/home/pico/pico/pico-sdk/src/rp2_common/pico_stdio_usb/stdio_usb_descriptors.c.obj
                0x10005a70                tud_descriptor_string_cb
 .text.startup._retrieve_unique_id_on_boot
                0x10005ae8       0x10 CMakeFiles/tpm_sniffer.dir/home/pico/pico/pico-sdk/src/rp2_common/pico_unique_id/unique_id.c.obj
 .text.pico_get_unique_board_id_string
                0x10005af8      0x1a8 CMakeFiles/tpm_sniffer.dir/home/pico/pico/pico-sdk/src/rp2_common/pico_unique_id/unique_id.c.obj
                0x10005af8                pico_get_unique_board_id_string
 .text.flash_get_unique_id
                0x10005ca0       0x40 CMakeFiles/tpm_sniffer.dir/home/pico/pico/pico-sdk/src/rp2_common/hardware_flash/flash.c.obj
                0x10005ca0                flash_get_unique_id
 .text.dcd_int_enable
                0x10005ce0        0xc CMakeFiles/tpm_sniffer.dir/home/pico/pico/pico-sdk/lib/tinyusb/src/portable/raspberrypi/rp2040/dcd_rp2040.c.obj
                0x10005ce0                dcd_int_enable
 .text.dcd_set_address
                0x10005cec       0x14 CMakeFiles/tpm_sniffer.dir/home/pico/pico/pico-sdk/lib/tinyusb/src/portable/raspberrypi/rp2040/dcd_rp2040.c.obj
                0x10005cec                dcd_set_address
 .text.dcd_connect
                0x10005d00       0x10 CMakeFiles/tpm_sniffer.dir/home/pico/pico/pico-sdk/lib/tinyusb/src/portable/raspberrypi/rp2040/dcd_rp2040.c.obj
                0x10005d00                dcd_connect
 .text.dcd_init
                0x10005d10       0x98 CMakeFiles/tpm_sniffer.dir/home/pico/pico/pico-sdk/lib/tinyusb/src/portable/raspberrypi/rp2040/dcd_rp2040.c.obj
                0x10005d10                dcd_init
 .text.dcd_edpt0_status_complete
                0x10005da8       0x1c CMakeFiles/tpm_sniffer.dir/home/pico/pico/pico-sdk/lib/tinyusb/src/portable/raspberrypi/rp2040/dcd_rp2040.c.obj
                0x10005da8                dcd_edpt0_status_complete
 .text.dcd_edpt_open
                0x10005dc4      0x108 CMakeFiles/tpm_sniffer.dir/home/pico/pico/pico-sdk/lib/tinyusb/src/portable/raspberrypi/rp2040/dcd_rp2040.c.obj
                0x10005dc4                dcd_edpt_open
 .text.dcd_edpt_close_all
                0x10005ecc        0x8 CMakeFiles/tpm_sniffer.dir/home/pico/pico/pico-sdk/lib/tinyusb/src/portable/raspberrypi/rp2040/dcd_rp2040.c.obj
                0x10005ecc                dcd_edpt_close_all
 .text.dcd_edpt_xfer
                0x10005ed4       0x24 CMakeFiles/tpm_sniffer.dir/home/pico/pico/pico-sdk/lib/tinyusb/src/portable/raspberrypi/rp2040/dcd_rp2040.c.obj
                0x10005ed4                dcd_edpt_xfer
 .text.dcd_edpt_stall
                0x10005ef8       0x38 CMakeFiles/tpm_sniffer.dir/home/pico/pico/pico-sdk/lib/tinyusb/src/portable/raspberrypi/rp2040/dcd_rp2040.c.obj
                0x10005ef8                dcd_edpt_stall
 .text.dcd_edpt_clear_stall
                0x10005f30       0x30 CMakeFiles/tpm_sniffer.dir/home/pico/pico/pico-sdk/lib/tinyusb/src/portable/raspberrypi/rp2040/dcd_rp2040.c.obj
                0x10005f30                dcd_edpt_clear_stall
 .text.rp2040_usb_init
                0x10005f60       0x4c CMakeFiles/tpm_sniffer.dir/home/pico/pico/pico-sdk/lib/tinyusb/src/portable/raspberrypi/rp2040/rp2040_usb.c.obj
                0x10005f60                rp2040_usb_init
 .text.hw_endpoint_xfer_start
                0x10005fac       0x40 CMakeFiles/tpm_sniffer.dir/home/pico/pico/pico-sdk/lib/tinyusb/src/portable/raspberrypi/rp2040/rp2040_usb.c.obj
                0x10005fac                hw_endpoint_xfer_start
 .text.tud_mounted
                0x10005fec       0x10 CMakeFiles/tpm_sniffer.dir/home/pico/pico/pico-sdk/lib/tinyusb/src/device/usbd.c.obj
                0x10005fec                tud_mounted
 .text.tud_suspended
                0x10005ffc       0x10 CMakeFiles/tpm_sniffer.dir/home/pico/pico/pico-sdk/lib/tinyusb/src/device/usbd.c.obj
                0x10005ffc                tud_suspended
 .text.tud_inited
                0x1000600c       0x14 CMakeFiles/tpm_sniffer.dir/home/pico/pico/pico-sdk/lib/tinyusb/src/device/usbd.c.obj
                0x1000600c                tud_inited
 .text.tud_init
                0x10006020       0xd8 CMakeFiles/tpm_sniffer.dir/home/pico/pico/pico-sdk/lib/tinyusb/src/device/usbd.c.obj
                0x10006020                tud_init
 .text.tud_task_ext
                0x100060f8      0x8a8 CMakeFiles/tpm_sniffer.dir/home/pico/pico/pico-sdk/lib/tinyusb/src/device/usbd.c.obj
                0x100060f8                tud_task_ext
 .text.usbd_open_edpt_pair
                0x100069a0       0x9c CMakeFiles/tpm_sniffer.dir/home/pico/pico/pico-sdk/lib/tinyusb/src/device/usbd.c.obj
                0x100069a0                usbd_open_edpt_pair
 .text.usbd_defer_func
                0x10006a3c       0x48 CMakeFiles/tpm_sniffer.dir/home/pico/pico/pico-sdk/lib/tinyusb/src/device/usbd.c.obj
                0x10006a3c                usbd_defer_func
 .text.usbd_edpt_open
                0x10006a84       0x34 CMakeFiles/tpm_sniffer.dir/home/pico/pico/pico-sdk/lib/tinyusb/src/device/usbd.c.obj
                0x10006a84                usbd_edpt_open
 .text.usbd_edpt_claim
                0x10006ab8       0x28 CMakeFiles/tpm_sniffer.dir/home/pico/pico/pico-sdk/lib/tinyusb/src/device/usbd.c.obj
                0x10006ab8                usbd_edpt_claim
 .text.usbd_edpt_release
                0x10006ae0       0x28 CMakeFiles/tpm_sniffer.dir/home/pico/pico/pico-sdk/lib/tinyusb/src/device/usbd.c.obj
                0x10006ae0                usbd_edpt_release
 .text.usbd_edpt_xfer
                0x10006b08       0x4c CMakeFiles/tpm_sniffer.dir/home/pico/pico/pico-sdk/lib/tinyusb/src/device/usbd.c.obj
                0x10006b08                usbd_edpt_xfer
 .text.tud_control_status
                0x10006b54       0x2c CMakeFiles/tpm_sniffer.dir/home/pico/pico/pico-sdk/lib/tinyusb/src/device/usbd_control.c.obj
                0x10006b54                tud_control_status
 .text.tud_control_xfer
                0x10006b80       0xac CMakeFiles/tpm_sniffer.dir/home/pico/pico/pico-sdk/lib/tinyusb/src/device/usbd_control.c.obj
                0x10006b80                tud_control_xfer
 .text.usbd_control_reset
                0x10006c2c       0x14 CMakeFiles/tpm_sniffer.dir/home/pico/pico/pico-sdk/lib/tinyusb/src/device/usbd_control.c.obj
                0x10006c2c                usbd_control_reset
 .text.usbd_control_set_complete_callback
                0x10006c40        0xc CMakeFiles/tpm_sniffer.dir/home/pico/pico/pico-sdk/lib/tinyusb/src/device/usbd_control.c.obj
                0x10006c40                usbd_control_set_complete_callback
 .text.usbd_control_set_request
                0x10006c4c       0x1c CMakeFiles/tpm_sniffer.dir/home/pico/pico/pico-sdk/lib/tinyusb/src/device/usbd_control.c.obj
                0x10006c4c                usbd_control_set_request
 .text.usbd_control_xfer_cb
                0x10006c68       0xf4 CMakeFiles/tpm_sniffer.dir/home/pico/pico/pico-sdk/lib/tinyusb/src/device/usbd_control.c.obj
                0x10006c68                usbd_control_xfer_cb
 .text.tud_cdc_n_connected
                0x10006d5c       0x30 CMakeFiles/tpm_sniffer.dir/home/pico/pico/pico-sdk/lib/tinyusb/src/class/cdc/cdc_device.c.obj
                0x10006d5c                tud_cdc_n_connected
 .text.tud_cdc_n_available
                0x10006d8c       0x18 CMakeFiles/tpm_sniffer.dir/home/pico/pico/pico-sdk/lib/tinyusb/src/class/cdc/cdc_device.c.obj
                0x10006d8c                tud_cdc_n_available
 .text.tud_cdc_n_read
                0x10006da4       0x70 CMakeFiles/tpm_sniffer.dir/home/pico/pico/pico-sdk/lib/tinyusb/src/class/cdc/cdc_device.c.obj
                0x10006da4                tud_cdc_n_read
 .text.tud_cdc_n_write_flush
                0x10006e14       0x78 CMakeFiles/tpm_sniffer.dir/home/pico/pico/pico-sdk/lib/tinyusb/src/class/cdc/cdc_device.c.obj
                0x10006e14                tud_cdc_n_write_flush
 .text.tud_cdc_n_write
                0x10006e8c       0x34 CMakeFiles/tpm_sniffer.dir/home/pico/pico/pico-sdk/lib/tinyusb/src/class/cdc/cdc_device.c.obj
                0x10006e8c                tud_cdc_n_write
 .text.tud_cdc_n_write_available
                0x10006ec0       0x18 CMakeFiles/tpm_sniffer.dir/home/pico/pico/pico-sdk/lib/tinyusb/src/class/cdc/cdc_device.c.obj
                0x10006ec0                tud_cdc_n_write_available
 .text.cdcd_init
                0x10006ed8       0x7c CMakeFiles/tpm_sniffer.dir/home/pico/pico/pico-sdk/lib/tinyusb/src/class/cdc/cdc_device.c.obj
                0x10006ed8                cdcd_init
 .text.cdcd_reset
                0x10006f54       0x2c CMakeFiles/tpm_sniffer.dir/home/pico/pico/pico-sdk/lib/tinyusb/src/class/cdc/cdc_device.c.obj
                0x10006f54                cdcd_reset
 .text.cdcd_open
                0x10006f80       0xe4 CMakeFiles/tpm_sniffer.dir/home/pico/pico/pico-sdk/lib/tinyusb/src/class/cdc/cdc_device.c.obj
                0x10006f80                cdcd_open
 .text.cdcd_control_xfer_cb
                0x10007064       0xe4 CMakeFiles/tpm_sniffer.dir/home/pico/pico/pico-sdk/lib/tinyusb/src/class/cdc/cdc_device.c.obj
                0x10007064                cdcd_control_xfer_cb
 .text.cdcd_xfer_cb
                0x10007148      0x13c CMakeFiles/tpm_sniffer.dir/home/pico/pico/pico-sdk/lib/tinyusb/src/class/cdc/cdc_device.c.obj
                0x10007148                cdcd_xfer_cb
 .text.tusb_init
                0x10007284        0xc CMakeFiles/tpm_sniffer.dir/home/pico/pico/pico-sdk/lib/tinyusb/src/tusb.c.obj
                0x10007284                tusb_init
 .text.tusb_inited
                0x10007290        0x8 CMakeFiles/tpm_sniffer.dir/home/pico/pico/pico-sdk/lib/tinyusb/src/tusb.c.obj
                0x10007290                tusb_inited
 .text.tu_edpt_claim
                0x10007298       0x50 CMakeFiles/tpm_sniffer.dir/home/pico/pico/pico-sdk/lib/tinyusb/src/tusb.c.obj
                0x10007298                tu_edpt_claim
 .text.tu_edpt_release
                0x100072e8       0x38 CMakeFiles/tpm_sniffer.dir/home/pico/pico/pico-sdk/lib/tinyusb/src/tusb.c.obj
                0x100072e8                tu_edpt_release
 .text.tu_edpt_validate
                0x10007320       0x7c CMakeFiles/tpm_sniffer.dir/home/pico/pico/pico-sdk/lib/tinyusb/src/tusb.c.obj
                0x10007320                tu_edpt_validate
 .text.tu_edpt_bind_driver
                0x1000739c       0x34 CMakeFiles/tpm_sniffer.dir/home/pico/pico/pico-sdk/lib/tinyusb/src/tusb.c.obj
                0x1000739c                tu_edpt_bind_driver
 .text.tu_fifo_config
                0x100073d0       0x6c CMakeFiles/tpm_sniffer.dir/home/pico/pico/pico-sdk/lib/tinyusb/src/common/tusb_fifo.c.obj
                0x100073d0                tu_fifo_config
 .text.tu_fifo_count
                0x1000743c       0x2c CMakeFiles/tpm_sniffer.dir/home/pico/pico/pico-sdk/lib/tinyusb/src/common/tusb_fifo.c.obj
                0x1000743c                tu_fifo_count
 .text.tu_fifo_empty
                0x10007468       0x10 CMakeFiles/tpm_sniffer.dir/home/pico/pico/pico-sdk/lib/tinyusb/src/common/tusb_fifo.c.obj
                0x10007468                tu_fifo_empty
 .text.tu_fifo_remaining
                0x10007478       0x2c CMakeFiles/tpm_sniffer.dir/home/pico/pico/pico-sdk/lib/tinyusb/src/common/tusb_fifo.c.obj
                0x10007478                tu_fifo_remaining
 .text.tu_fifo_read
                0x100074a4       0x9c CMakeFiles/tpm_sniffer.dir/home/pico/pico/pico-sdk/lib/tinyusb/src/common/tusb_fifo.c.obj
                0x100074a4                tu_fifo_read
 .text.tu_fifo_read_n
                0x10007540       0xe8 CMakeFiles/tpm_sniffer.dir/home/pico/pico/pico-sdk/lib/tinyusb/src/common/tusb_fifo.c.obj
                0x10007540                tu_fifo_read_n
 .text.tu_fifo_write
                0x10007628       0x88 CMakeFiles/tpm_sniffer.dir/home/pico/pico/pico-sdk/lib/tinyusb/src/common/tusb_fifo.c.obj
                0x10007628                tu_fifo_write
 .text.tu_fifo_write_n
                0x100076b0      0x170 CMakeFiles/tpm_sniffer.dir/home/pico/pico/pico-sdk/lib/tinyusb/src/common/tusb_fifo.c.obj
                0x100076b0                tu_fifo_write_n
 .text.tu_fifo_clear
                0x10007820       0x40 CMakeFiles/tpm_sniffer.dir/home/pico/pico/pico-sdk/lib/tinyusb/src/common/tusb_fifo.c.obj
                0x10007820                tu_fifo_clear
 .text.tu_fifo_set_overwritable
                0x10007860       0x48 CMakeFiles/tpm_sniffer.dir/home/pico/pico/pico-sdk/lib/tinyusb/src/common/tusb_fifo.c.obj
                0x10007860                tu_fifo_set_overwritable
 .text.pio_claim_unused_sm
                0x100078a8       0x3c CMakeFiles/tpm_sniffer.dir/home/pico/pico/pico-sdk/src/rp2_common/hardware_pio/pio.c.obj
                0x100078a8                pio_claim_unused_sm
 .text.pio_add_program
                0x100078e4       0xf0 CMakeFiles/tpm_sniffer.dir/home/pico/pico/pico-sdk/src/rp2_common/hardware_pio/pio.c.obj
                0x100078e4                pio_add_program
 .text.pio_sm_set_consecutive_pindirs
                0x100079d4       0xa8 CMakeFiles/tpm_sniffer.dir/home/pico/pico/pico-sdk/src/rp2_common/hardware_pio/pio.c.obj
                0x100079d4                pio_sm_set_consecutive_pindirs
 .text.pio_sm_init
                0x10007a7c       0x98 CMakeFiles/tpm_sniffer.dir/home/pico/pico/pico-sdk/src/rp2_common/hardware_pio/pio.c.obj
                0x10007a7c                pio_sm_init
 .text.core1_trampoline
                0x10007b14        0x4 CMakeFiles/tpm_sniffer.dir/home/pico/pico/pico-sdk/src/rp2_common/pico_multicore/multicore.c.obj
 .text.core1_wrapper
                0x10007b18        0xc CMakeFiles/tpm_sniffer.dir/home/pico/pico/pico-sdk/src/rp2_common/pico_multicore/multicore.c.obj
                0x10007b18                core1_wrapper
 .text.multicore_fifo_push_blocking
                0x10007b24       0x14 CMakeFiles/tpm_sniffer.dir/home/pico/pico/pico-sdk/src/rp2_common/pico_multicore/multicore.c.obj
                0x10007b24                multicore_fifo_push_blocking
 .text.multicore_fifo_pop_blocking
                0x10007b38       0x1c CMakeFiles/tpm_sniffer.dir/home/pico/pico/pico-sdk/src/rp2_common/pico_multicore/multicore.c.obj
                0x10007b38                multicore_fifo_pop_blocking
 .text.multicore_launch_core1_raw
                0x10007b54       0x84 CMakeFiles/tpm_sniffer.dir/home/pico/pico/pico-sdk/src/rp2_common/pico_multicore/multicore.c.obj
                0x10007b54                multicore_launch_core1_raw
 .text.multicore_launch_core1
                0x10007bd8       0x58 CMakeFiles/tpm_sniffer.dir/home/pico/pico/pico-sdk/src/rp2_common/pico_multicore/multicore.c.obj
                0x10007bd8                multicore_launch_core1
 .text          0x10007c30       0x5c /usr/lib/gcc/arm-none-eabi/12.2.1/../../../arm-none-eabi/lib/thumb/v6-m/nofp/libc.a(lib_a-strlen-stub.o)
                0x10007c30                strlen
 *(.fini)
 .fini          0x10007c8c        0x4 /usr/lib/gcc/arm-none-eabi/12.2.1/thumb/v6-m/nofp/crti.o
                0x10007c8c                _fini
 .fini.__stub   0x10007c90       0xd0 linker stubs
 *crtbegin.o(.ctors)
 *crtbegin?.o(.ctors)
 *(EXCLUDE_FILE(*crtend.o *crtend?.o) .ctors)
 *(SORT_BY_NAME(.ctors.*))
 *(.ctors)
 *crtbegin.o(.dtors)
 *crtbegin?.o(.dtors)
 *(EXCLUDE_FILE(*crtend.o *crtend?.o) .dtors)
 *(SORT_BY_NAME(.dtors.*))
 *(.dtors)
 *(.eh_frame*)
 .eh_frame      0x10007d60        0x0 /usr/lib/gcc/arm-none-eabi/12.2.1/thumb/v6-m/nofp/crtbegin.o
                0x10007d60                        . = ALIGN (0x4)

.glue_7         0x10007d60        0x0
 .glue_7        0x10007d60        0x0 linker stubs

.glue_7t        0x10007d60        0x0
 .glue_7t       0x10007d60        0x0 linker stubs

.vfp11_veneer   0x10007d60        0x0
 .vfp11_veneer  0x10007d60        0x0 linker stubs

.v4_bx          0x10007d60        0x0
 .v4_bx         0x10007d60        0x0 linker stubs

.iplt           0x10007d60        0x0
 .iplt          0x10007d60        0x0 /usr/lib/gcc/arm-none-eabi/12.2.1/thumb/v6-m/nofp/crtbegin.o

.rodata         0x10007d60      0x868
 *(EXCLUDE_FILE(*libm.a: *libc.a:*lib_a-mem*.o *libgcc.a:) .rodata*)
 .rodata.fetch_spi.constprop.0.str1.4
                0x10007d60       0x19 CMakeFiles/tpm_sniffer.dir/main.c.obj
 *fill*         0x10007d79        0x3 
 .rodata.main.str1.4
                0x10007d7c      0x2a6 CMakeFiles/tpm_sniffer.dir/main.c.obj
                                0x2aa (size before relaxing)
 *fill*         0x10008022        0x2 
 .rodata.vmk_header
                0x10008024        0xc CMakeFiles/tpm_sniffer.dir/main.c.obj
 .rodata.spi_bios_sniffer_program
                0x10008030        0x6 CMakeFiles/tpm_sniffer.dir/main.c.obj
 *fill*         0x10008036        0x2 
 .rodata.spi_bios_sniffer_program_instructions
                0x10008038        0xe CMakeFiles/tpm_sniffer.dir/main.c.obj
 *fill*         0x10008046        0x2 
 .rodata.spi_sniffer_program
                0x10008048        0x6 CMakeFiles/tpm_sniffer.dir/main.c.obj
 *fill*         0x1000804e        0x2 
 .rodata.spi_sniffer_program_instructions
                0x10008050        0xc CMakeFiles/tpm_sniffer.dir/main.c.obj
 .rodata.lpc_sniffer_program
                0x1000805c        0x6 CMakeFiles/tpm_sniffer.dir/main.c.obj
 *fill*         0x10008062        0x2 
 .rodata.lpc_sniffer_program_instructions
                0x10008064       0x1a CMakeFiles/tpm_sniffer.dir/main.c.obj
 *fill*         0x1000807e        0x2 
 .rodata.spin_lock_claim_unused.str1.4
                0x10008080       0x1b CMakeFiles/tpm_sniffer.dir/home/pico/pico/pico-sdk/src/rp2_common/hardware_sync/sync.c.obj
 *fill*         0x1000809b        0x1 
 .rodata.user_irq_claim_unused.str1.4
                0x1000809c       0x1b CMakeFiles/tpm_sniffer.dir/home/pico/pico/pico-sdk/src/rp2_common/hardware_irq/irq.c.obj
 *fill*         0x100080b7        0x1 
 .rodata.hardware_alarm_claim.str1.4
                0x100080b8       0x22 CMakeFiles/tpm_sniffer.dir/home/pico/pico/pico-sdk/src/rp2_common/hardware_timer/timer.c.obj
 *fill*         0x100080da        0x2 
 .rodata.panic.str1.4
                0x100080dc       0x12 CMakeFiles/tpm_sniffer.dir/home/pico/pico/pico-sdk/src/rp2_common/pico_runtime/runtime.c.obj
 *fill*         0x100080ee        0x2 
 .rodata.hard_assertion_failure.str1.4
                0x100080f0        0xc CMakeFiles/tpm_sniffer.dir/home/pico/pico/pico-sdk/src/rp2_common/pico_runtime/runtime.c.obj
 .rodata._ftoa.str1.4
                0x100080fc       0x15 CMakeFiles/tpm_sniffer.dir/home/pico/pico/pico-sdk/src/rp2_common/pico_printf/printf.c.obj
 *fill*         0x10008111        0x3 
 .rodata._vsnprintf
                0x10008114      0x19c CMakeFiles/tpm_sniffer.dir/home/pico/pico/pico-sdk/src/rp2_common/pico_printf/printf.c.obj
 .rodata.pow10.0
                0x100082b0       0x50 CMakeFiles/tpm_sniffer.dir/home/pico/pico/pico-sdk/src/rp2_common/pico_printf/printf.c.obj
 .rodata.str1.4
                0x10008300       0x40 CMakeFiles/tpm_sniffer.dir/home/pico/pico/pico-sdk/src/rp2_common/pico_standard_link/binary_info.c.obj
 .rodata.__bi_81
                0x10008340        0xc CMakeFiles/tpm_sniffer.dir/home/pico/pico/pico-sdk/src/rp2_common/pico_standard_link/binary_info.c.obj
 .rodata.__bi_75
                0x1000834c        0xc CMakeFiles/tpm_sniffer.dir/home/pico/pico/pico-sdk/src/rp2_common/pico_standard_link/binary_info.c.obj
 .rodata.__bi_44
                0x10008358        0xc CMakeFiles/tpm_sniffer.dir/home/pico/pico/pico-sdk/src/rp2_common/pico_standard_link/binary_info.c.obj
 .rodata.crlf_str.0
                0x10008364        0x2 CMakeFiles/tpm_sniffer.dir/home/pico/pico/pico-sdk/src/rp2_common/pico_stdio/stdio.c.obj
 *fill*         0x10008366        0x2 
 .rodata.str1.4
                0x10008368       0x2c CMakeFiles/tpm_sniffer.dir/home/pico/pico/pico-sdk/src/rp2_common/pico_stdio_uart/stdio_uart.c.obj
 .rodata.__bi_33.4
                0x10008394        0xc CMakeFiles/tpm_sniffer.dir/home/pico/pico/pico-sdk/src/rp2_common/pico_stdio_uart/stdio_uart.c.obj
 .rodata.__bi_34.5
                0x100083a0        0x8 CMakeFiles/tpm_sniffer.dir/home/pico/pico/pico-sdk/src/rp2_common/pico_stdio_uart/stdio_uart.c.obj
 .rodata._resetd_driver
                0x100083a8       0x18 CMakeFiles/tpm_sniffer.dir/home/pico/pico/pico-sdk/src/rp2_common/pico_stdio_usb/reset_interface.c.obj
 .rodata.str1.4
                0x100083c0       0x13 CMakeFiles/tpm_sniffer.dir/home/pico/pico/pico-sdk/src/rp2_common/pico_stdio_usb/stdio_usb.c.obj
 *fill*         0x100083d3        0x1 
 .rodata.__bi_182.0
                0x100083d4        0xc CMakeFiles/tpm_sniffer.dir/home/pico/pico/pico-sdk/src/rp2_common/pico_stdio_usb/stdio_usb.c.obj
 .rodata.str1.4
                0x100083e0       0x2a CMakeFiles/tpm_sniffer.dir/home/pico/pico/pico-sdk/src/rp2_common/pico_stdio_usb/stdio_usb_descriptors.c.obj
 *fill*         0x1000840a        0x2 
 .rodata.usbd_desc_str
                0x1000840c       0x18 CMakeFiles/tpm_sniffer.dir/home/pico/pico/pico-sdk/src/rp2_common/pico_stdio_usb/stdio_usb_descriptors.c.obj
 .rodata.usbd_desc_cfg
                0x10008424       0x54 CMakeFiles/tpm_sniffer.dir/home/pico/pico/pico-sdk/src/rp2_common/pico_stdio_usb/stdio_usb_descriptors.c.obj
 .rodata.usbd_desc_device
                0x10008478       0x12 CMakeFiles/tpm_sniffer.dir/home/pico/pico/pico-sdk/src/rp2_common/pico_stdio_usb/stdio_usb_descriptors.c.obj
 *fill*         0x1000848a        0x2 
 .rodata.str1.4
                0x1000848c       0x14 CMakeFiles/tpm_sniffer.dir/home/pico/pico/pico-sdk/lib/tinyusb/src/portable/raspberrypi/rp2040/dcd_rp2040.c.obj
 .rodata.str1.4
                0x100084a0       0x49 CMakeFiles/tpm_sniffer.dir/home/pico/pico/pico-sdk/lib/tinyusb/src/portable/raspberrypi/rp2040/rp2040_usb.c.obj
                                 0x53 (size before relaxing)
 *fill*         0x100084e9        0x3 
 .rodata.tud_task_ext
                0x100084ec       0x8c CMakeFiles/tpm_sniffer.dir/home/pico/pico/pico-sdk/lib/tinyusb/src/device/usbd.c.obj
 .rodata._usbd_driver
                0x10008578       0x18 CMakeFiles/tpm_sniffer.dir/home/pico/pico/pico-sdk/lib/tinyusb/src/device/usbd.c.obj
 .rodata.pio_claim_unused_sm.str1.4
                0x10008590       0x24 CMakeFiles/tpm_sniffer.dir/home/pico/pico/pico-sdk/src/rp2_common/hardware_pio/pio.c.obj
 .rodata.pio_add_program.str1.4
                0x100085b4       0x11 CMakeFiles/tpm_sniffer.dir/home/pico/pico/pico-sdk/src/rp2_common/hardware_pio/pio.c.obj
                0x100085c8                        . = ALIGN (0x4)
 *fill*         0x100085c5        0x3 
 *(SORT_BY_ALIGNMENT(SORT_BY_NAME(.flashdata*)))
                0x100085c8                        . = ALIGN (0x4)

.ARM.extab
 *(.ARM.extab* .gnu.linkonce.armextab.*)
                0x100085c8                        __exidx_start = .

.ARM.exidx
 *(.ARM.exidx* .gnu.linkonce.armexidx.*)
                0x100085c8                        __exidx_end = .
                0x100085c8                        . = ALIGN (0x4)
                0x100085c8                        __binary_info_start = .

.binary_info    0x100085c8       0x28
 *(.binary_info.keep.*)
 .binary_info.keep.__bi_ptr81
                0x100085c8        0x4 CMakeFiles/tpm_sniffer.dir/home/pico/pico/pico-sdk/src/rp2_common/pico_standard_link/binary_info.c.obj
 .binary_info.keep.__bi_ptr75
                0x100085cc        0x4 CMakeFiles/tpm_sniffer.dir/home/pico/pico/pico-sdk/src/rp2_common/pico_standard_link/binary_info.c.obj
 .binary_info.keep.__bi_ptr50
                0x100085d0        0x4 CMakeFiles/tpm_sniffer.dir/home/pico/pico/pico-sdk/src/rp2_common/pico_standard_link/binary_info.c.obj
 .binary_info.keep.__bi_ptr44
                0x100085d4        0x4 CMakeFiles/tpm_sniffer.dir/home/pico/pico/pico-sdk/src/rp2_common/pico_standard_link/binary_info.c.obj
 .binary_info.keep.__bi_ptr38
                0x100085d8        0x4 CMakeFiles/tpm_sniffer.dir/home/pico/pico/pico-sdk/src/rp2_common/pico_standard_link/binary_info.c.obj
 .binary_info.keep.__bi_ptr30
                0x100085dc        0x4 CMakeFiles/tpm_sniffer.dir/home/pico/pico/pico-sdk/src/rp2_common/pico_standard_link/binary_info.c.obj
 .binary_info.keep.__bi_ptr22
                0x100085e0        0x4 CMakeFiles/tpm_sniffer.dir/home/pico/pico/pico-sdk/src/rp2_common/pico_standard_link/binary_info.c.obj
 *(.binary_info.*)
 .binary_info.__bi_ptr34
                0x100085e4        0x4 CMakeFiles/tpm_sniffer.dir/home/pico/pico/pico-sdk/src/rp2_common/pico_stdio_uart/stdio_uart.c.obj
 .binary_info.__bi_ptr33
                0x100085e8        0x4 CMakeFiles/tpm_sniffer.dir/home/pico/pico/pico-sdk/src/rp2_common/pico_stdio_uart/stdio_uart.c.obj
 .binary_info.__bi_ptr182
                0x100085ec        0x4 CMakeFiles/tpm_sniffer.dir/home/pico/pico/pico-sdk/src/rp2_common/pico_stdio_usb/stdio_usb.c.obj
                0x100085f0                        __binary_info_end = .

.rel.dyn        0x100085f0        0x0
 .rel.iplt      0x100085f0        0x0 /usr/lib/gcc/arm-none-eabi/12.2.1/thumb/v6-m/nofp/crtbegin.o
                0x100085f0                        . = ALIGN (0x4)

.ram_vector_table
                0x20000000       0xc0
 *(.ram_vector_table)
 .ram_vector_table
                0x20000000       0xc0 CMakeFiles/tpm_sniffer.dir/home/pico/pico/pico-sdk/src/rp2_common/pico_runtime/runtime.c.obj
                0x20000000                ram_vector_table

.data           0x200000c0      0xe90 load address 0x100085f0
                0x200000c0                        __data_start__ = .
 *(vtable)
 *(.time_critical*)
 .time_critical.mutex_try_enter
                0x200000c0       0x40 CMakeFiles/tpm_sniffer.dir/home/pico/pico/pico-sdk/src/common/pico_sync/mutex.c.obj
                0x200000c0                mutex_try_enter
 .time_critical.mutex_try_enter_block_until
                0x20000100       0x9c CMakeFiles/tpm_sniffer.dir/home/pico/pico/pico-sdk/src/common/pico_sync/mutex.c.obj
                0x20000100                mutex_try_enter_block_until
 .time_critical.mutex_enter_timeout_ms
                0x2000019c       0x90 CMakeFiles/tpm_sniffer.dir/home/pico/pico/pico-sdk/src/common/pico_sync/mutex.c.obj
                0x2000019c                mutex_enter_timeout_ms
 .time_critical.mutex_exit
                0x2000022c       0x28 CMakeFiles/tpm_sniffer.dir/home/pico/pico/pico-sdk/src/common/pico_sync/mutex.c.obj
                0x2000022c                mutex_exit
 .time_critical.flash_init_boot2_copyout
                0x20000254       0x30 CMakeFiles/tpm_sniffer.dir/home/pico/pico/pico-sdk/src/rp2_common/hardware_flash/flash.c.obj
 .time_critical.flash_enable_xip_via_boot2
                0x20000284        0xc CMakeFiles/tpm_sniffer.dir/home/pico/pico/pico-sdk/src/rp2_common/hardware_flash/flash.c.obj
 .time_critical.flash_cs_force
                0x20000290       0x38 CMakeFiles/tpm_sniffer.dir/home/pico/pico/pico-sdk/src/rp2_common/hardware_flash/flash.c.obj
 .time_critical.flash_do_cmd
                0x200002c8       0xc0 CMakeFiles/tpm_sniffer.dir/home/pico/pico/pico-sdk/src/rp2_common/hardware_flash/flash.c.obj
                0x200002c8                flash_do_cmd
 .time_critical.reset_non_control_endpoints
                0x20000388       0x68 CMakeFiles/tpm_sniffer.dir/home/pico/pico/pico-sdk/lib/tinyusb/src/portable/raspberrypi/rp2040/dcd_rp2040.c.obj
 .time_critical.hw_handle_buff_status
                0x200003f0       0xac CMakeFiles/tpm_sniffer.dir/home/pico/pico/pico-sdk/lib/tinyusb/src/portable/raspberrypi/rp2040/dcd_rp2040.c.obj
 .time_critical.dcd_rp2040_irq
                0x2000049c      0x510 CMakeFiles/tpm_sniffer.dir/home/pico/pico/pico-sdk/lib/tinyusb/src/portable/raspberrypi/rp2040/dcd_rp2040.c.obj
 .time_critical.e15_is_bulkin_ep
                0x200009ac       0x28 CMakeFiles/tpm_sniffer.dir/home/pico/pico/pico-sdk/lib/tinyusb/src/portable/raspberrypi/rp2040/rp2040_usb.c.obj
 .time_critical.e15_is_critical_frame_period
                0x200009d4       0x34 CMakeFiles/tpm_sniffer.dir/home/pico/pico/pico-sdk/lib/tinyusb/src/portable/raspberrypi/rp2040/rp2040_usb.c.obj
 .time_critical.prepare_ep_buffer
                0x20000a08       0x6c CMakeFiles/tpm_sniffer.dir/home/pico/pico/pico-sdk/lib/tinyusb/src/portable/raspberrypi/rp2040/rp2040_usb.c.obj
 .time_critical.sync_ep_buffer
                0x20000a74       0x48 CMakeFiles/tpm_sniffer.dir/home/pico/pico/pico-sdk/lib/tinyusb/src/portable/raspberrypi/rp2040/rp2040_usb.c.obj
 .time_critical._hw_endpoint_xfer_sync
                0x20000abc       0x28 CMakeFiles/tpm_sniffer.dir/home/pico/pico/pico-sdk/lib/tinyusb/src/portable/raspberrypi/rp2040/rp2040_usb.c.obj
 .time_critical.hw_endpoint_reset_transfer
                0x20000ae4        0xc CMakeFiles/tpm_sniffer.dir/home/pico/pico/pico-sdk/lib/tinyusb/src/portable/raspberrypi/rp2040/rp2040_usb.c.obj
                0x20000ae4                hw_endpoint_reset_transfer
 .time_critical._hw_endpoint_buffer_control_update32
                0x20000af0       0x58 CMakeFiles/tpm_sniffer.dir/home/pico/pico/pico-sdk/lib/tinyusb/src/portable/raspberrypi/rp2040/rp2040_usb.c.obj
                0x20000af0                _hw_endpoint_buffer_control_update32
 .time_critical.hw_endpoint_start_next_buffer
                0x20000b48       0x6c CMakeFiles/tpm_sniffer.dir/home/pico/pico/pico-sdk/lib/tinyusb/src/portable/raspberrypi/rp2040/rp2040_usb.c.obj
                0x20000b48                hw_endpoint_start_next_buffer
 .time_critical.hw_endpoint_xfer_continue
                0x20000bb4       0x50 CMakeFiles/tpm_sniffer.dir/home/pico/pico/pico-sdk/lib/tinyusb/src/portable/raspberrypi/rp2040/rp2040_usb.c.obj
                0x20000bb4                hw_endpoint_xfer_continue
 .time_critical.tinyusb
                0x20000c04      0x170 CMakeFiles/tpm_sniffer.dir/home/pico/pico/pico-sdk/lib/tinyusb/src/device/usbd.c.obj
                0x20000c04                dcd_event_handler
 *(.text*)
 .text          0x20000d74        0x4 /usr/lib/gcc/arm-none-eabi/12.2.1/thumb/v6-m/nofp/libgcc.a(_dvmd_tls.o)
                0x20000d74                __aeabi_ldiv0
                0x20000d74                __aeabi_idiv0
 .text          0x20000d78       0x48 /usr/lib/gcc/arm-none-eabi/12.2.1/../../../arm-none-eabi/lib/thumb/v6-m/nofp/libc.a(lib_a-memcmp.o)
                0x20000d78                memcmp
 .text.__stub   0x20000dc0       0x70 linker stubs
                0x20000e30                        . = ALIGN (0x4)
 *(.rodata*)
                0x20000e30                        . = ALIGN (0x4)
 *(.data*)
 .data.sniff_protocol
                0x20000e30        0x1 CMakeFiles/tpm_sniffer.dir/main.c.obj
                0x20000e30                sniff_protocol
 .data.striped_spin_lock_num
                0x20000e31        0x1 CMakeFiles/tpm_sniffer.dir/home/pico/pico/pico-sdk/src/rp2_common/hardware_sync/sync.c.obj
 *fill*         0x20000e32        0x2 
 .data          0x20000e34       0x48 CMakeFiles/tpm_sniffer.dir/home/pico/pico/pico-sdk/src/rp2_common/hardware_irq/irq_handler_chain.S.obj
                0x20000e34                irq_handler_chain_slots
                0x20000e64                irq_handler_chain_first_slot
                0x20000e6e                irq_handler_chain_remove_tail
 .data.default_alarm_pool
                0x20000e7c       0x18 CMakeFiles/tpm_sniffer.dir/home/pico/pico/pico-sdk/src/common/pico_time/time.c.obj
 .data.default_alarm_pool_heap
                0x20000e94       0x10 CMakeFiles/tpm_sniffer.dir/home/pico/pico/pico-sdk/src/common/pico_time/time.c.obj
 *fill*         0x20000ea4        0xc 
 .data.aeabi_bits_funcs
                0x20000eb0       0x10 CMakeFiles/tpm_sniffer.dir/home/pico/pico/pico-sdk/src/rp2_common/pico_bit_ops/bit_ops_aeabi.S.obj
                0x20000eb0                aeabi_bits_funcs
                0x20000ec0                aeabi_bits_funcs_end
 .data.aeabi_mem_funcs
                0x20000ec0       0x10 CMakeFiles/tpm_sniffer.dir/home/pico/pico/pico-sdk/src/rp2_common/pico_mem_ops/mem_ops_aeabi.S.obj
                0x20000ec0                aeabi_mem_funcs
                0x20000ed0                aeabi_mem_funcs_end
 .data.stdio_uart
                0x20000ed0       0x18 CMakeFiles/tpm_sniffer.dir/home/pico/pico/pico-sdk/src/rp2_common/pico_stdio_uart/stdio_uart.c.obj
                0x20000ed0                stdio_uart
 .data.stdio_usb
                0x20000ee8       0x18 CMakeFiles/tpm_sniffer.dir/home/pico/pico/pico-sdk/src/rp2_common/pico_stdio_usb/stdio_usb.c.obj
                0x20000ee8                stdio_usb
 .data.ep_dir_string
                0x20000f00        0x8 CMakeFiles/tpm_sniffer.dir/home/pico/pico/pico-sdk/lib/tinyusb/src/portable/raspberrypi/rp2040/rp2040_usb.c.obj
                0x20000f00                ep_dir_string
 .data._usbd_qdef
                0x20000f08       0x1c CMakeFiles/tpm_sniffer.dir/home/pico/pico/pico-sdk/lib/tinyusb/src/device/usbd.c.obj
                0x20000f08                _usbd_qdef
 .data._usbd_rhport
                0x20000f24        0x1 CMakeFiles/tpm_sniffer.dir/home/pico/pico/pico-sdk/lib/tinyusb/src/device/usbd.c.obj
                0x20000f28                        . = ALIGN (0x4)
 *fill*         0x20000f25        0x3 
 *(.after_data.*)
                0x20000f28                        . = ALIGN (0x4)
                0x20000f28                        PROVIDE (__mutex_array_start = .)
 *(SORT_BY_NAME(.mutex_array.*))
 *(.mutex_array)
 .mutex_array   0x20000f28        0x8 CMakeFiles/tpm_sniffer.dir/home/pico/pico/pico-sdk/src/rp2_common/pico_malloc/pico_malloc.c.obj
 .mutex_array   0x20000f30        0x8 CMakeFiles/tpm_sniffer.dir/home/pico/pico/pico-sdk/src/rp2_common/pico_stdio/stdio.c.obj
                0x20000f38                        PROVIDE (__mutex_array_end = .)
                0x20000f38                        . = ALIGN (0x4)
                0x20000f38                        PROVIDE (__preinit_array_start = .)
 *(SORT_BY_NAME(.preinit_array.*))
 .preinit_array.00001
                0x20000f38        0x4 CMakeFiles/tpm_sniffer.dir/home/pico/pico/pico-sdk/src/rp2_common/pico_mem_ops/mem_ops_aeabi.S.obj
 .preinit_array.00010
                0x20000f3c        0x4 CMakeFiles/tpm_sniffer.dir/home/pico/pico/pico-sdk/src/rp2_common/pico_bit_ops/bit_ops_aeabi.S.obj
 .preinit_array.00020
                0x20000f40        0x4 CMakeFiles/tpm_sniffer.dir/home/pico/pico/pico-sdk/src/rp2_common/pico_double/double_aeabi.S.obj
 .preinit_array.00020
                0x20000f44        0x4 CMakeFiles/tpm_sniffer.dir/home/pico/pico/pico-sdk/src/rp2_common/pico_float/float_aeabi.S.obj
 *(.preinit_array)
                0x20000f48                        PROVIDE (__preinit_array_end = .)
                0x20000f48                        . = ALIGN (0x4)
                0x20000f48                        PROVIDE (__init_array_start = .)
 *(SORT_BY_NAME(.init_array.*))
 *(.init_array)
 .init_array    0x20000f48        0x4 /usr/lib/gcc/arm-none-eabi/12.2.1/thumb/v6-m/nofp/crtbegin.o
 .init_array    0x20000f4c        0x4 CMakeFiles/tpm_sniffer.dir/home/pico/pico/pico-sdk/src/rp2_common/pico_unique_id/unique_id.c.obj
                0x20000f50                        PROVIDE (__init_array_end = .)
                0x20000f50                        . = ALIGN (0x4)
                0x20000f50                        PROVIDE (__fini_array_start = .)
 *(SORT_BY_NAME(.fini_array.*))
 *(.fini_array)
                0x20000f50                        PROVIDE (__fini_array_end = .)
 *(.jcr)
                0x20000f50                        . = ALIGN (0x4)
                0x20000f50                        __data_end__ = .
                0x100085f0                        __etext = LOADADDR (.data)

.tm_clone_table
                0x20000f50        0x0 load address 0x10009480
 .tm_clone_table
                0x20000f50        0x0 /usr/lib/gcc/arm-none-eabi/12.2.1/thumb/v6-m/nofp/crtbegin.o
 .tm_clone_table
                0x20000f50        0x0 /usr/lib/gcc/arm-none-eabi/12.2.1/thumb/v6-m/nofp/crtend.o

.igot.plt       0x20000f50        0x0 load address 0x10009480
 .igot.plt      0x20000f50        0x0 /usr/lib/gcc/arm-none-eabi/12.2.1/thumb/v6-m/nofp/crtbegin.o

.uninitialized_data
                0x20000f50        0x0 load address 0x10009480
                0x20000f50                        . = ALIGN (0x4)
 *(.uninitialized_data*)

.scratch_x      0x20040000        0x0 load address 0x10009480
                0x20040000                        __scratch_x_start__ = .
 *(.scratch_x.*)
                0x20040000                        . = ALIGN (0x4)
                0x20040000                        __scratch_x_end__ = .
                0x10009480                        __scratch_x_source__ = LOADADDR (.scratch_x)

.scratch_y      0x20041000        0x0 load address 0x10009480
                0x20041000                        __scratch_y_start__ = .
 *(.scratch_y.*)
                0x20041000                        . = ALIGN (0x4)
                0x20041000                        __scratch_y_end__ = .
                0x10009480                        __scratch_y_source__ = LOADADDR (.scratch_y)

.bss            0x20000f50     0x2da4
                0x20000f50                        . = ALIGN (0x4)
                0x20000f50                        __bss_start__ = .
 *(SORT_BY_ALIGNMENT(SORT_BY_NAME(.bss*)))
 .bss.configured_freq
                0x20000f50       0x28 CMakeFiles/tpm_sniffer.dir/home/pico/pico/pico-sdk/src/rp2_common/hardware_clocks/clocks.c.obj
 .bss.default_alarm_pool_entries
                0x20000f78      0x100 CMakeFiles/tpm_sniffer.dir/home/pico/pico/pico-sdk/src/common/pico_time/time.c.obj
 .bss.last_avail_time.1
                0x20001078        0x8 CMakeFiles/tpm_sniffer.dir/home/pico/pico/pico-sdk/src/rp2_common/pico_stdio_usb/stdio_usb.c.obj
 .bss.sd_table  0x20001080      0x100 CMakeFiles/tpm_sniffer.dir/home/pico/pico/pico-sdk/src/rp2_common/pico_double/double_init_rom.c.obj
                0x20001080                sd_table
 .bss.sf_table  0x20001180      0x100 CMakeFiles/tpm_sniffer.dir/home/pico/pico/pico-sdk/src/rp2_common/pico_float/float_init_rom.c.obj
                0x20001180                sf_table
 .bss           0x20001280       0x1c /usr/lib/gcc/arm-none-eabi/12.2.1/thumb/v6-m/nofp/crtbegin.o
 .bss._app_driver
                0x2000129c        0x4 CMakeFiles/tpm_sniffer.dir/home/pico/pico/pico-sdk/lib/tinyusb/src/device/usbd.c.obj
 .bss._cdcd_itf
                0x200012a0      0x2c8 CMakeFiles/tpm_sniffer.dir/home/pico/pico/pico-sdk/lib/tinyusb/src/class/cdc/cdc_device.c.obj
 .bss._ctrl_xfer
                0x20001568       0x14 CMakeFiles/tpm_sniffer.dir/home/pico/pico/pico-sdk/lib/tinyusb/src/device/usbd_control.c.obj
 .bss._ubsd_mutexdef
                0x2000157c        0x8 CMakeFiles/tpm_sniffer.dir/home/pico/pico/pico-sdk/lib/tinyusb/src/device/usbd.c.obj
 .bss._usbd_ctrl_buf
                0x20001584       0x40 CMakeFiles/tpm_sniffer.dir/home/pico/pico/pico-sdk/lib/tinyusb/src/device/usbd_control.c.obj
 .bss._usbd_dev
                0x200015c4       0x53 CMakeFiles/tpm_sniffer.dir/home/pico/pico/pico-sdk/lib/tinyusb/src/device/usbd.c.obj
 *fill*         0x20001617        0x1 
 .bss._usbd_mutex
                0x20001618        0x4 CMakeFiles/tpm_sniffer.dir/home/pico/pico/pico-sdk/lib/tinyusb/src/device/usbd.c.obj
 .bss._usbd_q   0x2000161c        0x4 CMakeFiles/tpm_sniffer.dir/home/pico/pico/pico-sdk/lib/tinyusb/src/device/usbd.c.obj
 .bss._usbd_qdef_buf
                0x20001620       0xc0 CMakeFiles/tpm_sniffer.dir/home/pico/pico/pico-sdk/lib/tinyusb/src/device/usbd.c.obj
                0x20001620                _usbd_qdef_buf
 .bss._used_instruction_space
                0x200016e0        0x8 CMakeFiles/tpm_sniffer.dir/home/pico/pico/pico-sdk/src/rp2_common/hardware_pio/pio.c.obj
 .bss.alarm_callbacks
                0x200016e8       0x10 CMakeFiles/tpm_sniffer.dir/home/pico/pico/pico-sdk/src/rp2_common/hardware_timer/timer.c.obj
 .bss.boot2_copyout
                0x200016f8      0x100 CMakeFiles/tpm_sniffer.dir/home/pico/pico/pico-sdk/src/rp2_common/hardware_flash/flash.c.obj
 .bss.chars_available_callback
                0x200017f8        0x4 CMakeFiles/tpm_sniffer.dir/home/pico/pico/pico-sdk/src/rp2_common/pico_stdio_uart/stdio_uart.c.obj
 .bss.chars_available_callback
                0x200017fc        0x4 CMakeFiles/tpm_sniffer.dir/home/pico/pico/pico-sdk/src/rp2_common/pico_stdio_usb/stdio_usb.c.obj
 .bss.chars_available_param
                0x20001800        0x4 CMakeFiles/tpm_sniffer.dir/home/pico/pico/pico-sdk/src/rp2_common/pico_stdio_uart/stdio_uart.c.obj
 .bss.chars_available_param
                0x20001804        0x4 CMakeFiles/tpm_sniffer.dir/home/pico/pico/pico-sdk/src/rp2_common/pico_stdio_usb/stdio_usb.c.obj
 .bss.claimed   0x20001808        0x4 CMakeFiles/tpm_sniffer.dir/home/pico/pico/pico-sdk/src/rp2_common/hardware_sync/sync.c.obj
 .bss.default_alarm_pool_entry_ids_high
                0x2000180c       0x10 CMakeFiles/tpm_sniffer.dir/home/pico/pico/pico-sdk/src/common/pico_time/time.c.obj
 .bss.default_alarm_pool_heap_nodes
                0x2000181c       0x30 CMakeFiles/tpm_sniffer.dir/home/pico/pico/pico-sdk/src/common/pico_time/time.c.obj
 .bss.desc_str.0
                0x2000184c       0x28 CMakeFiles/tpm_sniffer.dir/home/pico/pico/pico-sdk/src/rp2_common/pico_stdio_usb/stdio_usb_descriptors.c.obj
 .bss.drivers   0x20001874        0x4 CMakeFiles/tpm_sniffer.dir/home/pico/pico/pico-sdk/src/rp2_common/pico_stdio/stdio.c.obj
 .bss.e15_last_sof
                0x20001878        0x4 CMakeFiles/tpm_sniffer.dir/home/pico/pico/pico-sdk/lib/tinyusb/src/portable/raspberrypi/rp2040/rp2040_usb.c.obj
                0x20001878                e15_last_sof
 .bss.filter    0x2000187c        0x4 CMakeFiles/tpm_sniffer.dir/home/pico/pico/pico-sdk/src/rp2_common/pico_stdio/stdio.c.obj
 .bss.hw_endpoints
                0x20001880      0x400 CMakeFiles/tpm_sniffer.dir/home/pico/pico/pico-sdk/lib/tinyusb/src/portable/raspberrypi/rp2040/dcd_rp2040.c.obj
 .bss.lazy_vsnprintf
                0x20001c80        0x4 CMakeFiles/tpm_sniffer.dir/home/pico/pico/pico-sdk/src/rp2_common/pico_printf/printf.c.obj
 .bss.load_value
                0x20001c84        0x4 CMakeFiles/tpm_sniffer.dir/home/pico/pico/pico-sdk/src/rp2_common/hardware_watchdog/watchdog.c.obj
 .bss.message_buffer
                0x20001c88     0x2000 CMakeFiles/tpm_sniffer.dir/main.c.obj
                0x20001c88                message_buffer
 .bss.msg_buffer_ptr
                0x20003c88        0x4 CMakeFiles/tpm_sniffer.dir/main.c.obj
                0x20003c88                msg_buffer_ptr
 .bss.next_buffer_ptr
                0x20003c8c        0x4 CMakeFiles/tpm_sniffer.dir/home/pico/pico/pico-sdk/lib/tinyusb/src/portable/raspberrypi/rp2040/dcd_rp2040.c.obj
 .bss.one_shot_timer_crit_sec
                0x20003c90        0x8 CMakeFiles/tpm_sniffer.dir/home/pico/pico/pico-sdk/src/rp2_common/pico_stdio_usb/stdio_usb.c.obj
 .bss.pools     0x20003c98       0x10 CMakeFiles/tpm_sniffer.dir/home/pico/pico/pico-sdk/src/common/pico_time/time.c.obj
 .bss.retrieved_id
                0x20003ca8        0x8 CMakeFiles/tpm_sniffer.dir/home/pico/pico/pico-sdk/src/rp2_common/pico_unique_id/unique_id.c.obj
 .bss.sf_clz_func
                0x20003cb0        0x4 CMakeFiles/tpm_sniffer.dir/home/pico/pico/pico-sdk/src/rp2_common/pico_double/double_init_rom.c.obj
                0x20003cb0                sf_clz_func
 .bss.sleep_notifier
                0x20003cb4        0x4 CMakeFiles/tpm_sniffer.dir/home/pico/pico/pico-sdk/src/common/pico_time/time.c.obj
 .bss.stdio_usb_mutex
                0x20003cb8        0x8 CMakeFiles/tpm_sniffer.dir/home/pico/pico/pico-sdk/src/rp2_common/pico_stdio_usb/stdio_usb.c.obj
 .bss.target_hi
                0x20003cc0       0x10 CMakeFiles/tpm_sniffer.dir/home/pico/pico/pico-sdk/src/rp2_common/hardware_timer/timer.c.obj
 .bss.uart_char_to_line_feed
                0x20003cd0        0x4 CMakeFiles/tpm_sniffer.dir/home/pico/pico/pico-sdk/src/rp2_common/hardware_uart/uart.c.obj
                0x20003cd0                uart_char_to_line_feed
 .bss.uart_instance
                0x20003cd4        0x4 CMakeFiles/tpm_sniffer.dir/home/pico/pico/pico-sdk/src/rp2_common/pico_stdio_uart/stdio_uart.c.obj
 .bss.usbd_serial_str
                0x20003cd8       0x11 CMakeFiles/tpm_sniffer.dir/home/pico/pico/pico-sdk/src/rp2_common/pico_stdio_usb/stdio_usb_descriptors.c.obj
 .bss._app_driver_count
                0x20003ce9        0x1 CMakeFiles/tpm_sniffer.dir/home/pico/pico/pico-sdk/lib/tinyusb/src/device/usbd.c.obj
 .bss._sof_enable
                0x20003cea        0x1 CMakeFiles/tpm_sniffer.dir/home/pico/pico/pico-sdk/lib/tinyusb/src/portable/raspberrypi/rp2040/dcd_rp2040.c.obj
 .bss.boot2_copyout_valid
                0x20003ceb        0x1 CMakeFiles/tpm_sniffer.dir/home/pico/pico/pico-sdk/src/rp2_common/hardware_flash/flash.c.obj
 .bss.claimed   0x20003cec        0x1 CMakeFiles/tpm_sniffer.dir/home/pico/pico/pico-sdk/src/rp2_common/hardware_timer/timer.c.obj
 .bss.claimed   0x20003ced        0x1 CMakeFiles/tpm_sniffer.dir/home/pico/pico/pico-sdk/src/rp2_common/hardware_pio/pio.c.obj
 .bss.irq_hander_chain_free_slot_head
                0x20003cee        0x1 CMakeFiles/tpm_sniffer.dir/home/pico/pico/pico-sdk/src/rp2_common/hardware_irq/irq.c.obj
 .bss.itf_num   0x20003cef        0x1 CMakeFiles/tpm_sniffer.dir/home/pico/pico/pico-sdk/src/rp2_common/pico_stdio_usb/reset_interface.c.obj
 .bss.low_priority_irq_num
                0x20003cf0        0x1 CMakeFiles/tpm_sniffer.dir/home/pico/pico/pico-sdk/src/rp2_common/pico_stdio_usb/stdio_usb.c.obj
 .bss.one_shot_timer_pending
                0x20003cf1        0x1 CMakeFiles/tpm_sniffer.dir/home/pico/pico/pico-sdk/src/rp2_common/pico_stdio_usb/stdio_usb.c.obj
 .bss.timer_callbacks_pending
                0x20003cf2        0x1 CMakeFiles/tpm_sniffer.dir/home/pico/pico/pico-sdk/src/rp2_common/hardware_timer/timer.c.obj
 .bss.user_irq_claimed
                0x20003cf3        0x1 CMakeFiles/tpm_sniffer.dir/home/pico/pico/pico-sdk/src/rp2_common/hardware_irq/irq.c.obj
 *(COMMON)
                0x20003cf4                        . = ALIGN (0x4)
                0x20003cf4                        __bss_end__ = .

.heap           0x20003cf4      0x800
                0x20003cf4                        __end__ = .
                0x20003cf4                        end = __end__
 *(.heap*)
 .heap          0x20003cf4      0x800 CMakeFiles/tpm_sniffer.dir/home/pico/pico/pico-sdk/src/rp2_common/pico_standard_link/crt0.S.obj
                0x200044f4                        __HeapLimit = .

.stack1_dummy   0x20040000      0x800
 *(.stack1*)
 .stack1        0x20040000      0x800 CMakeFiles/tpm_sniffer.dir/home/pico/pico/pico-sdk/src/rp2_common/pico_multicore/multicore.c.obj

.stack_dummy    0x20041000      0x800
 *(.stack*)
 .stack         0x20041000      0x800 CMakeFiles/tpm_sniffer.dir/home/pico/pico/pico-sdk/src/rp2_common/pico_standard_link/crt0.S.obj

.flash_end      0x10009480        0x0
                0x10009480                        PROVIDE (__flash_binary_end = .)
                0x20040000                        __StackLimit = (ORIGIN (RAM) + LENGTH (RAM))
                0x20041000                        __StackOneTop = (ORIGIN (SCRATCH_X) + LENGTH (SCRATCH_X))
                0x20042000                        __StackTop = (ORIGIN (SCRATCH_Y) + LENGTH (SCRATCH_Y))
                0x20040800                        __StackOneBottom = (__StackOneTop - SIZEOF (.stack1_dummy))
                0x20041800                        __StackBottom = (__StackTop - SIZEOF (.stack_dummy))
                0x20042000                        PROVIDE (__stack = __StackTop)
                0x00000001                        ASSERT ((__StackLimit >= __HeapLimit), region RAM overflowed)
                0x00000001                        ASSERT (((__binary_info_header_end - __logical_binary_start) <= 0x100), Binary info must be in first 256 bytes of the binary)
LOAD CMakeFiles/tpm_sniffer.dir/main.c.obj
LOAD CMakeFiles/tpm_sniffer.dir/home/pico/pico/pico-sdk/src/rp2_common/pico_stdlib/stdlib.c.obj
LOAD CMakeFiles/tpm_sniffer.dir/home/pico/pico/pico-sdk/src/rp2_common/hardware_gpio/gpio.c.obj
LOAD CMakeFiles/tpm_sniffer.dir/home/pico/pico/pico-sdk/src/rp2_common/pico_platform/platform.c.obj
LOAD CMakeFiles/tpm_sniffer.dir/home/pico/pico/pico-sdk/src/rp2_common/hardware_claim/claim.c.obj
LOAD CMakeFiles/tpm_sniffer.dir/home/pico/pico/pico-sdk/src/rp2_common/hardware_sync/sync.c.obj
LOAD CMakeFiles/tpm_sniffer.dir/home/pico/pico/pico-sdk/src/rp2_common/hardware_irq/irq.c.obj
LOAD CMakeFiles/tpm_sniffer.dir/home/pico/pico/pico-sdk/src/rp2_common/hardware_irq/irq_handler_chain.S.obj
LOAD CMakeFiles/tpm_sniffer.dir/home/pico/pico/pico-sdk/src/common/pico_sync/sem.c.obj
LOAD CMakeFiles/tpm_sniffer.dir/home/pico/pico/pico-sdk/src/common/pico_sync/lock_core.c.obj
LOAD CMakeFiles/tpm_sniffer.dir/home/pico/pico/pico-sdk/src/common/pico_sync/mutex.c.obj
LOAD CMakeFiles/tpm_sniffer.dir/home/pico/pico/pico-sdk/src/common/pico_sync/critical_section.c.obj
LOAD CMakeFiles/tpm_sniffer.dir/home/pico/pico/pico-sdk/src/common/pico_time/time.c.obj
LOAD CMakeFiles/tpm_sniffer.dir/home/pico/pico/pico-sdk/src/common/pico_time/timeout_helper.c.obj
LOAD CMakeFiles/tpm_sniffer.dir/home/pico/pico/pico-sdk/src/rp2_common/hardware_timer/timer.c.obj
LOAD CMakeFiles/tpm_sniffer.dir/home/pico/pico/pico-sdk/src/common/pico_util/datetime.c.obj
LOAD CMakeFiles/tpm_sniffer.dir/home/pico/pico/pico-sdk/src/common/pico_util/pheap.c.obj
LOAD CMakeFiles/tpm_sniffer.dir/home/pico/pico/pico-sdk/src/common/pico_util/queue.c.obj
LOAD CMakeFiles/tpm_sniffer.dir/home/pico/pico/pico-sdk/src/rp2_common/hardware_uart/uart.c.obj
LOAD CMakeFiles/tpm_sniffer.dir/home/pico/pico/pico-sdk/src/rp2_common/hardware_clocks/clocks.c.obj
LOAD CMakeFiles/tpm_sniffer.dir/home/pico/pico/pico-sdk/src/rp2_common/hardware_pll/pll.c.obj
LOAD CMakeFiles/tpm_sniffer.dir/home/pico/pico/pico-sdk/src/rp2_common/hardware_vreg/vreg.c.obj
LOAD CMakeFiles/tpm_sniffer.dir/home/pico/pico/pico-sdk/src/rp2_common/hardware_watchdog/watchdog.c.obj
LOAD CMakeFiles/tpm_sniffer.dir/home/pico/pico/pico-sdk/src/rp2_common/hardware_xosc/xosc.c.obj
LOAD CMakeFiles/tpm_sniffer.dir/home/pico/pico/pico-sdk/src/rp2_common/hardware_divider/divider.S.obj
LOAD CMakeFiles/tpm_sniffer.dir/home/pico/pico/pico-sdk/src/rp2_common/pico_runtime/runtime.c.obj
LOAD CMakeFiles/tpm_sniffer.dir/home/pico/pico/pico-sdk/src/rp2_common/pico_printf/printf.c.obj
LOAD CMakeFiles/tpm_sniffer.dir/home/pico/pico/pico-sdk/src/rp2_common/pico_bit_ops/bit_ops_aeabi.S.obj
LOAD CMakeFiles/tpm_sniffer.dir/home/pico/pico/pico-sdk/src/rp2_common/pico_bootrom/bootrom.c.obj
LOAD CMakeFiles/tpm_sniffer.dir/home/pico/pico/pico-sdk/src/rp2_common/pico_divider/divider.S.obj
LOAD CMakeFiles/tpm_sniffer.dir/home/pico/pico/pico-sdk/src/rp2_common/pico_double/double_aeabi.S.obj
LOAD CMakeFiles/tpm_sniffer.dir/home/pico/pico/pico-sdk/src/rp2_common/pico_double/double_init_rom.c.obj
LOAD CMakeFiles/tpm_sniffer.dir/home/pico/pico/pico-sdk/src/rp2_common/pico_double/double_math.c.obj
LOAD CMakeFiles/tpm_sniffer.dir/home/pico/pico/pico-sdk/src/rp2_common/pico_double/double_v1_rom_shim.S.obj
LOAD CMakeFiles/tpm_sniffer.dir/home/pico/pico/pico-sdk/src/rp2_common/pico_int64_ops/pico_int64_ops_aeabi.S.obj
LOAD CMakeFiles/tpm_sniffer.dir/home/pico/pico/pico-sdk/src/rp2_common/pico_float/float_aeabi.S.obj
LOAD CMakeFiles/tpm_sniffer.dir/home/pico/pico/pico-sdk/src/rp2_common/pico_float/float_init_rom.c.obj
LOAD CMakeFiles/tpm_sniffer.dir/home/pico/pico/pico-sdk/src/rp2_common/pico_float/float_math.c.obj
LOAD CMakeFiles/tpm_sniffer.dir/home/pico/pico/pico-sdk/src/rp2_common/pico_float/float_v1_rom_shim.S.obj
LOAD CMakeFiles/tpm_sniffer.dir/home/pico/pico/pico-sdk/src/rp2_common/pico_malloc/pico_malloc.c.obj
LOAD CMakeFiles/tpm_sniffer.dir/home/pico/pico/pico-sdk/src/rp2_common/pico_mem_ops/mem_ops_aeabi.S.obj
LOAD CMakeFiles/tpm_sniffer.dir/home/pico/pico/pico-sdk/src/rp2_common/pico_standard_link/crt0.S.obj
LOAD CMakeFiles/tpm_sniffer.dir/home/pico/pico/pico-sdk/src/rp2_common/pico_standard_link/new_delete.cpp.obj
LOAD CMakeFiles/tpm_sniffer.dir/home/pico/pico/pico-sdk/src/rp2_common/pico_standard_link/binary_info.c.obj
LOAD CMakeFiles/tpm_sniffer.dir/home/pico/pico/pico-sdk/src/rp2_common/pico_stdio/stdio.c.obj
LOAD CMakeFiles/tpm_sniffer.dir/home/pico/pico/pico-sdk/src/rp2_common/pico_stdio_uart/stdio_uart.c.obj
LOAD CMakeFiles/tpm_sniffer.dir/home/pico/pico/pico-sdk/src/rp2_common/pico_stdio_usb/reset_interface.c.obj
LOAD CMakeFiles/tpm_sniffer.dir/home/pico/pico/pico-sdk/src/rp2_common/pico_stdio_usb/stdio_usb.c.obj
LOAD CMakeFiles/tpm_sniffer.dir/home/pico/pico/pico-sdk/src/rp2_common/pico_stdio_usb/stdio_usb_descriptors.c.obj
LOAD CMakeFiles/tpm_sniffer.dir/home/pico/pico/pico-sdk/src/rp2_common/pico_unique_id/unique_id.c.obj
LOAD CMakeFiles/tpm_sniffer.dir/home/pico/pico/pico-sdk/src/rp2_common/hardware_flash/flash.c.obj
LOAD CMakeFiles/tpm_sniffer.dir/home/pico/pico/pico-sdk/lib/tinyusb/src/portable/raspberrypi/rp2040/dcd_rp2040.c.obj
LOAD CMakeFiles/tpm_sniffer.dir/home/pico/pico/pico-sdk/lib/tinyusb/src/portable/raspberrypi/rp2040/rp2040_usb.c.obj
LOAD CMakeFiles/tpm_sniffer.dir/home/pico/pico/pico-sdk/lib/tinyusb/src/device/usbd.c.obj
LOAD CMakeFiles/tpm_sniffer.dir/home/pico/pico/pico-sdk/lib/tinyusb/src/device/usbd_control.c.obj
LOAD CMakeFiles/tpm_sniffer.dir/home/pico/pico/pico-sdk/lib/tinyusb/src/class/audio/audio_device.c.obj
LOAD CMakeFiles/tpm_sniffer.dir/home/pico/pico/pico-sdk/lib/tinyusb/src/class/cdc/cdc_device.c.obj
LOAD CMakeFiles/tpm_sniffer.dir/home/pico/pico/pico-sdk/lib/tinyusb/src/class/dfu/dfu_device.c.obj
LOAD CMakeFiles/tpm_sniffer.dir/home/pico/pico/pico-sdk/lib/tinyusb/src/class/dfu/dfu_rt_device.c.obj
LOAD CMakeFiles/tpm_sniffer.dir/home/pico/pico/pico-sdk/lib/tinyusb/src/class/hid/hid_device.c.obj
LOAD CMakeFiles/tpm_sniffer.dir/home/pico/pico/pico-sdk/lib/tinyusb/src/class/midi/midi_device.c.obj
LOAD CMakeFiles/tpm_sniffer.dir/home/pico/pico/pico-sdk/lib/tinyusb/src/class/msc/msc_device.c.obj
LOAD CMakeFiles/tpm_sniffer.dir/home/pico/pico/pico-sdk/lib/tinyusb/src/class/net/ecm_rndis_device.c.obj
LOAD CMakeFiles/tpm_sniffer.dir/home/pico/pico/pico-sdk/lib/tinyusb/src/class/net/ncm_device.c.obj
LOAD CMakeFiles/tpm_sniffer.dir/home/pico/pico/pico-sdk/lib/tinyusb/src/class/usbtmc/usbtmc_device.c.obj
LOAD CMakeFiles/tpm_sniffer.dir/home/pico/pico/pico-sdk/lib/tinyusb/src/class/vendor/vendor_device.c.obj
LOAD CMakeFiles/tpm_sniffer.dir/home/pico/pico/pico-sdk/lib/tinyusb/src/class/video/video_device.c.obj
LOAD CMakeFiles/tpm_sniffer.dir/home/pico/pico/pico-sdk/lib/tinyusb/src/tusb.c.obj
LOAD CMakeFiles/tpm_sniffer.dir/home/pico/pico/pico-sdk/lib/tinyusb/src/common/tusb_fifo.c.obj
LOAD CMakeFiles/tpm_sniffer.dir/home/pico/pico/pico-sdk/src/rp2_common/pico_fix/rp2040_usb_device_enumeration/rp2040_usb_device_enumeration.c.obj
LOAD CMakeFiles/tpm_sniffer.dir/home/pico/pico/pico-sdk/src/rp2_common/hardware_pio/pio.c.obj
LOAD CMakeFiles/tpm_sniffer.dir/home/pico/pico/pico-sdk/src/rp2_common/pico_multicore/multicore.c.obj
LOAD /tmp/ccZUZGP7.o
LOAD /usr/lib/gcc/arm-none-eabi/12.2.1/../../../arm-none-eabi/lib/thumb/v6-m/nofp/libstdc++.a
LOAD /usr/lib/gcc/arm-none-eabi/12.2.1/../../../arm-none-eabi/lib/thumb/v6-m/nofp/libm.a
START GROUP
LOAD /usr/lib/gcc/arm-none-eabi/12.2.1/thumb/v6-m/nofp/libgcc.a
LOAD /usr/lib/gcc/arm-none-eabi/12.2.1/../../../arm-none-eabi/lib/thumb/v6-m/nofp/libc.a
END GROUP
START GROUP
LOAD /usr/lib/gcc/arm-none-eabi/12.2.1/thumb/v6-m/nofp/libgcc.a
LOAD /usr/lib/gcc/arm-none-eabi/12.2.1/../../../arm-none-eabi/lib/thumb/v6-m/nofp/libc.a
LOAD /usr/lib/gcc/arm-none-eabi/12.2.1/../../../arm-none-eabi/lib/thumb/v6-m/nofp/libnosys.a
END GROUP
LOAD /usr/lib/gcc/arm-none-eabi/12.2.1/thumb/v6-m/nofp/crtend.o
LOAD /usr/lib/gcc/arm-none-eabi/12.2.1/thumb/v6-m/nofp/crtn.o
OUTPUT(tpm_sniffer.elf elf32-littlearm)
LOAD linker stubs

.ARM.attributes
                0x00000000       0x28
 .ARM.attributes
                0x00000000       0x1e /usr/lib/gcc/arm-none-eabi/12.2.1/thumb/v6-m/nofp/crti.o
 .ARM.attributes
                0x0000001e       0x2c /usr/lib/gcc/arm-none-eabi/12.2.1/thumb/v6-m/nofp/crtbegin.o
 .ARM.attributes
                0x0000004a       0x2c CMakeFiles/tpm_sniffer.dir/main.c.obj
 .ARM.attributes
                0x00000076       0x2c CMakeFiles/tpm_sniffer.dir/home/pico/pico/pico-sdk/src/rp2_common/pico_stdlib/stdlib.c.obj
 .ARM.attributes
                0x000000a2       0x2c CMakeFiles/tpm_sniffer.dir/home/pico/pico/pico-sdk/src/rp2_common/hardware_gpio/gpio.c.obj
 .ARM.attributes
                0x000000ce       0x2c CMakeFiles/tpm_sniffer.dir/home/pico/pico/pico-sdk/src/rp2_common/pico_platform/platform.c.obj
 .ARM.attributes
                0x000000fa       0x2c CMakeFiles/tpm_sniffer.dir/home/pico/pico/pico-sdk/src/rp2_common/hardware_claim/claim.c.obj
 .ARM.attributes
                0x00000126       0x2c CMakeFiles/tpm_sniffer.dir/home/pico/pico/pico-sdk/src/rp2_common/hardware_sync/sync.c.obj
 .ARM.attributes
                0x00000152       0x2c CMakeFiles/tpm_sniffer.dir/home/pico/pico/pico-sdk/src/rp2_common/hardware_irq/irq.c.obj
 .ARM.attributes
                0x0000017e       0x22 CMakeFiles/tpm_sniffer.dir/home/pico/pico/pico-sdk/src/rp2_common/hardware_irq/irq_handler_chain.S.obj
 .ARM.attributes
                0x000001a0       0x2c CMakeFiles/tpm_sniffer.dir/home/pico/pico/pico-sdk/src/common/pico_sync/lock_core.c.obj
 .ARM.attributes
                0x000001cc       0x2c CMakeFiles/tpm_sniffer.dir/home/pico/pico/pico-sdk/src/common/pico_sync/mutex.c.obj
 .ARM.attributes
                0x000001f8       0x2c CMakeFiles/tpm_sniffer.dir/home/pico/pico/pico-sdk/src/common/pico_sync/critical_section.c.obj
 .ARM.attributes
                0x00000224       0x2c CMakeFiles/tpm_sniffer.dir/home/pico/pico/pico-sdk/src/common/pico_time/time.c.obj
 .ARM.attributes
                0x00000250       0x2c CMakeFiles/tpm_sniffer.dir/home/pico/pico/pico-sdk/src/rp2_common/hardware_timer/timer.c.obj
 .ARM.attributes
                0x0000027c       0x2c CMakeFiles/tpm_sniffer.dir/home/pico/pico/pico-sdk/src/common/pico_util/pheap.c.obj
 .ARM.attributes
                0x000002a8       0x2c CMakeFiles/tpm_sniffer.dir/home/pico/pico/pico-sdk/src/rp2_common/hardware_uart/uart.c.obj
 .ARM.attributes